=== System Reboot Diagnostic Report ===
Generated on: Thu Sep 25 09:03:10 AM CDT 2025

=== Last Reboots (last command) ===
reboot   system boot  6.16.8-arch2-1   Thu Sep 25 04:41   still running
reboot   system boot  6.16.8-arch2-1   Tue Sep 23 08:27   still running
reboot   system boot  6.16.6-arch1-1   Tue Sep 23 03:38 - 08:26  (04:48)
reboot   system boot  6.16.6-arch1-1   Fri Sep 12 02:16 - crash (11+01:21)
reboot   system boot  6.16.4-arch1-1   Thu Sep  4 08:58 - 02:15 (7+17:17)
reboot   system boot  6.16.4-arch1-1   Mon Sep  1 21:26 - 08:57 (2+11:31)
reboot   system boot  6.16.4-arch1-1   Mon Sep  1 21:11 - 21:16  (00:05)
reboot   system boot  6.16.4-arch1-1   Mon Sep  1 21:00 - 21:08  (00:07)
reboot   system boot  6.16.4-arch1-1   Mon Sep  1 20:34 - 20:44  (00:10)
reboot   system boot  6.16.4-arch1-1   Mon Sep  1 20:20 - 20:31  (00:11)

=== systemd-analyze (Boot Time) ===
Startup finished in 43.731s (firmware) + 3.340s (loader) + 5.110s (kernel) + 2.761s (userspace) = 54.942s 
graphical.target reached after 2.078s in userspace.
684ms docker.service
645ms dev-nvme0n1p2.device
543ms man-db.service
363ms systemd-tmpfiles-setup-dev-early.service
346ms systemd-remount-fs.service
335ms systemd-userdbd.service
226ms systemd-udev-trigger.service
146ms upower.service
116ms iwd.service
107ms systemd-networkd.service
105ms user@1000.service
 97ms containerd.service
 92ms systemd-journald.service
 84ms plymouth-quit.service
 77ms systemd-journal-flush.service
 71ms systemd-tmpfiles-setup.service
 64ms polkit.service
 61ms systemd-hostnamed.service
 49ms cups.service
 47ms systemd-udevd.service

=== Journal Logs from Previous Boot ===
Sep 23 08:27:56 frankrizzo bootctl[854]:  Mount point '/boot' which backs the random seed file is world accessible, which is a security hole! 
Sep 23 08:27:56 frankrizzo bootctl[854]: Random seed file '/boot/loader/random-seed' is world accessible, which is a security hole!
Sep 23 08:28:02 frankrizzo kernel: usb 4-2: Failed to query (GET_DEF) UVC error code control 2 on unit 2: -32 (exp. 1).
Sep 23 08:28:02 frankrizzo kernel: usb 4-2: Failed to query (GET_DEF) UVC error code control 3 on unit 2: -32 (exp. 1).
Sep 23 08:28:02 frankrizzo kernel: usb 4-2: Failed to query (GET_DEF) UVC error code control 7 on unit 2: -32 (exp. 1).
Sep 23 08:28:02 frankrizzo kernel: usb 4-2: Failed to query (GET_DEF) UVC error code control 11 on unit 2: -32 (exp. 1).
Sep 23 08:28:02 frankrizzo pipewire[1871]: spa.v4l2: '/dev/video0' VIDIOC_QUERYCTRL: Broken pipe
Sep 23 08:28:02 frankrizzo kernel: usb 4-2: Failed to query (GET_DEF) UVC error code control 5 on unit 2: -32 (exp. 1).
Sep 23 08:28:02 frankrizzo kernel: usb 4-2: Failed to query (GET_CUR) UVC error code control 11 on unit 2: -32 (exp. 1).
Sep 23 08:28:02 frankrizzo kernel: usb 4-2: Failed to query (GET_DEF) UVC error code control 2 on unit 2: -32 (exp. 1).
Sep 23 08:28:02 frankrizzo kernel: usb 4-2: Failed to query (GET_DEF) UVC error code control 3 on unit 2: -32 (exp. 1).
Sep 23 08:28:02 frankrizzo kernel: usb 4-2: Failed to query (GET_DEF) UVC error code control 7 on unit 2: -32 (exp. 1).
Sep 23 08:28:02 frankrizzo kernel: usb 4-2: Failed to query (GET_DEF) UVC error code control 11 on unit 2: -32 (exp. 1).
Sep 23 08:28:02 frankrizzo pipewire[1871]: spa.v4l2: '/dev/video0' VIDIOC_QUERYCTRL: Broken pipe
Sep 23 08:31:12 frankrizzo kernel: usb 4-2: Failed to query (GET_DEF) UVC error code control 11 on unit 1: -32 (exp. 1).
Sep 23 08:31:12 frankrizzo kernel: usb 4-2: Failed to query (GET_DEF) UVC error code control 11 on unit 1: -32 (exp. 1).
Sep 24 08:33:01 frankrizzo syncthing[1093]: Automatic upgrade failed (error="open /usr/bin/syncthing2511701376: permission denied" log.pkg=main)
Sep 24 20:33:02 frankrizzo syncthing[1093]: Automatic upgrade failed (error="open /usr/bin/syncthing4217682416: permission denied" log.pkg=main)

=== Kernel Messages from Previous Boot ===
Sep 23 08:27:55 frankrizzo kernel: Linux version 6.16.8-arch2-1 (linux@archlinux) (gcc (GCC) 15.2.1 20250813, GNU ld (GNU Binutils) 2.45.0) #1 SMP PREEMPT_DYNAMIC Sun, 21 Sep 2025 23:19:08 +0000
Sep 23 08:27:55 frankrizzo kernel: Command line: initrd=\initramfs-linux.img root=PARTUUID=7e5dfcc0-ce46-4309-973b-41f762b67387 rootflags=subvol=@ rw rootfstype=btrfs splash quiet
Sep 23 08:27:55 frankrizzo kernel: BIOS-provided physical RAM map:
Sep 23 08:27:55 frankrizzo kernel: BIOS-e820: [mem 0x0000000000000000-0x000000000009ffff] usable
Sep 23 08:27:55 frankrizzo kernel: BIOS-e820: [mem 0x00000000000a0000-0x00000000000fffff] reserved
Sep 23 08:27:55 frankrizzo kernel: BIOS-e820: [mem 0x0000000000100000-0x0000000009d1efff] usable
Sep 23 08:27:55 frankrizzo kernel: BIOS-e820: [mem 0x0000000009d1f000-0x0000000009ffffff] reserved
Sep 23 08:27:55 frankrizzo kernel: BIOS-e820: [mem 0x000000000a000000-0x000000000a1fffff] usable
Sep 23 08:27:55 frankrizzo kernel: BIOS-e820: [mem 0x000000000a200000-0x000000000a20dfff] ACPI NVS
Sep 23 08:27:55 frankrizzo kernel: BIOS-e820: [mem 0x000000000a20e000-0x000000000affffff] usable
Sep 23 08:27:55 frankrizzo kernel: BIOS-e820: [mem 0x000000000b000000-0x000000000b01ffff] reserved
Sep 23 08:27:55 frankrizzo kernel: BIOS-e820: [mem 0x000000000b020000-0x00000000c3276fff] usable
Sep 23 08:27:55 frankrizzo kernel: BIOS-e820: [mem 0x00000000c3277000-0x00000000c3277fff] reserved
Sep 23 08:27:55 frankrizzo kernel: BIOS-e820: [mem 0x00000000c3278000-0x00000000c9f09fff] usable
Sep 23 08:27:55 frankrizzo kernel: BIOS-e820: [mem 0x00000000c9f0a000-0x00000000ca310fff] reserved
Sep 23 08:27:55 frankrizzo kernel: BIOS-e820: [mem 0x00000000ca311000-0x00000000ca4f1fff] ACPI data
Sep 23 08:27:55 frankrizzo kernel: BIOS-e820: [mem 0x00000000ca4f2000-0x00000000cac9afff] ACPI NVS
Sep 23 08:27:55 frankrizzo kernel: BIOS-e820: [mem 0x00000000cac9b000-0x00000000cb9fefff] reserved
Sep 23 08:27:55 frankrizzo kernel: BIOS-e820: [mem 0x00000000cb9ff000-0x00000000ccffffff] usable
Sep 23 08:27:55 frankrizzo kernel: BIOS-e820: [mem 0x00000000cd000000-0x00000000cfffffff] reserved
Sep 23 08:27:55 frankrizzo kernel: BIOS-e820: [mem 0x00000000f0000000-0x00000000f7ffffff] reserved
Sep 23 08:27:55 frankrizzo kernel: BIOS-e820: [mem 0x00000000fd100000-0x00000000fd1fffff] reserved
Sep 23 08:27:55 frankrizzo kernel: BIOS-e820: [mem 0x00000000fd500000-0x00000000fd6fffff] reserved
Sep 23 08:27:55 frankrizzo kernel: BIOS-e820: [mem 0x00000000fea00000-0x00000000fea0ffff] reserved
Sep 23 08:27:55 frankrizzo kernel: BIOS-e820: [mem 0x00000000feb80000-0x00000000fec01fff] reserved
Sep 23 08:27:55 frankrizzo kernel: BIOS-e820: [mem 0x00000000fec10000-0x00000000fec10fff] reserved
Sep 23 08:27:55 frankrizzo kernel: BIOS-e820: [mem 0x00000000fec30000-0x00000000fec30fff] reserved
Sep 23 08:27:55 frankrizzo kernel: BIOS-e820: [mem 0x00000000fed00000-0x00000000fed00fff] reserved
Sep 23 08:27:55 frankrizzo kernel: BIOS-e820: [mem 0x00000000fed40000-0x00000000fed44fff] reserved
Sep 23 08:27:55 frankrizzo kernel: BIOS-e820: [mem 0x00000000fed80000-0x00000000fed8ffff] reserved
Sep 23 08:27:55 frankrizzo kernel: BIOS-e820: [mem 0x00000000fedc2000-0x00000000fedcffff] reserved
Sep 23 08:27:55 frankrizzo kernel: BIOS-e820: [mem 0x00000000fedd4000-0x00000000fedd5fff] reserved
Sep 23 08:27:55 frankrizzo kernel: BIOS-e820: [mem 0x00000000ff000000-0x00000000ffffffff] reserved
Sep 23 08:27:55 frankrizzo kernel: BIOS-e820: [mem 0x0000000100000000-0x000000202f2fffff] usable
Sep 23 08:27:55 frankrizzo kernel: BIOS-e820: [mem 0x000000202f300000-0x000000202fffffff] reserved
Sep 23 08:27:55 frankrizzo kernel: NX (Execute Disable) protection: active
Sep 23 08:27:55 frankrizzo kernel: APIC: Static calls initialized
Sep 23 08:27:55 frankrizzo kernel: efi: EFI v2.7 by American Megatrends
Sep 23 08:27:55 frankrizzo kernel: efi: ACPI=0xca4f1000 ACPI 2.0=0xca4f1014 TPMFinalLog=0xcac50000 SMBIOS=0xcb7ef000 SMBIOS 3.0=0xcb7ee000 MEMATTR=0xc62af418 ESRT=0xc7d69718 RNG=0xca4d0f18 INITRD=0xc11f9218 TPMEventLog=0xca367018 
Sep 23 08:27:55 frankrizzo kernel: random: crng init done
Sep 23 08:27:55 frankrizzo kernel: efi: Remove mem72: MMIO range=[0xf0000000-0xf7ffffff] (128MB) from e820 map
Sep 23 08:27:55 frankrizzo kernel: e820: remove [mem 0xf0000000-0xf7ffffff] reserved
Sep 23 08:27:55 frankrizzo kernel: efi: Remove mem73: MMIO range=[0xfd100000-0xfd1fffff] (1MB) from e820 map
Sep 23 08:27:55 frankrizzo kernel: e820: remove [mem 0xfd100000-0xfd1fffff] reserved
Sep 23 08:27:55 frankrizzo kernel: efi: Remove mem74: MMIO range=[0xfd500000-0xfd6fffff] (2MB) from e820 map
Sep 23 08:27:55 frankrizzo kernel: e820: remove [mem 0xfd500000-0xfd6fffff] reserved
Sep 23 08:27:55 frankrizzo kernel: efi: Not removing mem75: MMIO range=[0xfea00000-0xfea0ffff] (64KB) from e820 map
Sep 23 08:27:55 frankrizzo kernel: efi: Remove mem76: MMIO range=[0xfeb80000-0xfec01fff] (0MB) from e820 map
Sep 23 08:27:55 frankrizzo kernel: e820: remove [mem 0xfeb80000-0xfec01fff] reserved
Sep 23 08:27:55 frankrizzo kernel: efi: Not removing mem77: MMIO range=[0xfec10000-0xfec10fff] (4KB) from e820 map
Sep 23 08:27:55 frankrizzo kernel: efi: Not removing mem78: MMIO range=[0xfec30000-0xfec30fff] (4KB) from e820 map
Sep 23 08:27:55 frankrizzo kernel: efi: Not removing mem79: MMIO range=[0xfed00000-0xfed00fff] (4KB) from e820 map
Sep 23 08:27:55 frankrizzo kernel: efi: Not removing mem80: MMIO range=[0xfed40000-0xfed44fff] (20KB) from e820 map
Sep 23 08:27:55 frankrizzo kernel: efi: Not removing mem81: MMIO range=[0xfed80000-0xfed8ffff] (64KB) from e820 map
Sep 23 08:27:55 frankrizzo kernel: efi: Not removing mem82: MMIO range=[0xfedc2000-0xfedcffff] (56KB) from e820 map
Sep 23 08:27:55 frankrizzo kernel: efi: Not removing mem83: MMIO range=[0xfedd4000-0xfedd5fff] (8KB) from e820 map
Sep 23 08:27:55 frankrizzo kernel: efi: Remove mem84: MMIO range=[0xff000000-0xffffffff] (16MB) from e820 map
Sep 23 08:27:55 frankrizzo kernel: e820: remove [mem 0xff000000-0xffffffff] reserved
Sep 23 08:27:55 frankrizzo kernel: SMBIOS 3.3.0 present.
Sep 23 08:27:55 frankrizzo kernel: DMI: ASUS System Product Name/ROG STRIX B550-F GAMING (WI-FI), BIOS 3631 08/08/2025
Sep 23 08:27:55 frankrizzo kernel: DMI: Memory slots populated: 4/4
Sep 23 08:27:55 frankrizzo kernel: tsc: Fast TSC calibration using PIT
Sep 23 08:27:55 frankrizzo kernel: tsc: Detected 3393.592 MHz processor
Sep 23 08:27:55 frankrizzo kernel: e820: update [mem 0x00000000-0x00000fff] usable ==> reserved
Sep 23 08:27:55 frankrizzo kernel: e820: remove [mem 0x000a0000-0x000fffff] usable
Sep 23 08:27:55 frankrizzo kernel: last_pfn = 0x202f300 max_arch_pfn = 0x400000000
Sep 23 08:27:55 frankrizzo kernel: total RAM covered: 3327M
Sep 23 08:27:55 frankrizzo kernel: Found optimal setting for mtrr clean up
Sep 23 08:27:55 frankrizzo kernel:  gran_size: 64K         chunk_size: 128M         num_reg: 4          lose cover RAM: 0G
Sep 23 08:27:55 frankrizzo kernel: MTRR map: 7 entries (3 fixed + 4 variable; max 20), built from 9 variable MTRRs
Sep 23 08:27:55 frankrizzo kernel: x86/PAT: Configuration [0-7]: WB  WC  UC- UC  WB  WP  UC- WT  
Sep 23 08:27:55 frankrizzo kernel: e820: update [mem 0xca680000-0xca68ffff] usable ==> reserved
Sep 23 08:27:55 frankrizzo kernel: e820: update [mem 0xd0000000-0xffffffff] usable ==> reserved
Sep 23 08:27:55 frankrizzo kernel: last_pfn = 0xcd000 max_arch_pfn = 0x400000000
Sep 23 08:27:55 frankrizzo kernel: esrt: Reserving ESRT space from 0x00000000c7d69718 to 0x00000000c7d69750.
Sep 23 08:27:55 frankrizzo kernel: e820: update [mem 0xc7d69000-0xc7d69fff] usable ==> reserved
Sep 23 08:27:55 frankrizzo kernel: Using GB pages for direct mapping
Sep 23 08:27:55 frankrizzo kernel: Secure boot disabled
Sep 23 08:27:55 frankrizzo kernel: RAMDISK: [mem 0xbad21000-0xbd7bbfff]
Sep 23 08:27:55 frankrizzo kernel: ACPI: Early table checksum verification disabled
Sep 23 08:27:55 frankrizzo kernel: ACPI: RSDP 0x00000000CA4F1014 000024 (v02 ALASKA)
Sep 23 08:27:55 frankrizzo kernel: ACPI: XSDT 0x00000000CA4F0728 0000DC (v01 ALASKA A M I    01072009 AMI  01000013)
Sep 23 08:27:55 frankrizzo kernel: ACPI: FACP 0x00000000CA4E1000 000114 (v06 ALASKA A M I    01072009 AMI  00010013)
Sep 23 08:27:55 frankrizzo kernel: ACPI: DSDT 0x00000000CA4D5000 00B15E (v02 ALASKA A M I    01072009 INTL 20120913)
Sep 23 08:27:55 frankrizzo kernel: ACPI: FACS 0x00000000CAC80000 000040
Sep 23 08:27:55 frankrizzo kernel: ACPI: SSDT 0x00000000CA4E7000 008CE9 (v02 AMD    AmdTable 00000002 MSFT 04000000)
Sep 23 08:27:55 frankrizzo kernel: ACPI: SSDT 0x00000000CA4E3000 003B8E (v02 AMD    AMD AOD  00000001 INTL 20120913)
Sep 23 08:27:55 frankrizzo kernel: ACPI: SSDT 0x00000000CA4E2000 0003F1 (v02 ALASKA CPUSSDT  01072009 AMI  01072009)
Sep 23 08:27:55 frankrizzo kernel: ACPI: FIDT 0x00000000CA4D4000 00009C (v01 ALASKA A M I    01072009 AMI  00010013)
Sep 23 08:27:55 frankrizzo kernel: ACPI: MCFG 0x00000000CA4D2000 00003C (v01 ALASKA A M I    01072009 MSFT 00010013)
Sep 23 08:27:55 frankrizzo kernel: ACPI: HPET 0x00000000CA4D1000 000038 (v01 ALASKA A M I    01072009 AMI  00000005)
Sep 23 08:27:55 frankrizzo kernel: ACPI: IVRS 0x00000000CA4CF000 0000D0 (v02 AMD    AmdTable 00000001 AMD  00000001)
Sep 23 08:27:55 frankrizzo kernel: ACPI: WPBT 0x00000000CA38C000 00003C (v01 ALASKA A M I    00000001 ASUS 00000001)
Sep 23 08:27:55 frankrizzo kernel: ACPI: TPM2 0x00000000CA38B000 00004C (v04 ALASKA A M I    00000001 AMI  00000000)
Sep 23 08:27:55 frankrizzo kernel: ACPI: PCCT 0x00000000CA38A000 00006E (v02 AMD    AmdTable 00000001 AMD  00000001)
Sep 23 08:27:55 frankrizzo kernel: ACPI: SSDT 0x00000000CA381000 008213 (v02 AMD    AmdTable 00000001 AMD  00000001)
Sep 23 08:27:55 frankrizzo kernel: ACPI: CRAT 0x00000000CA37F000 001710 (v01 AMD    AmdTable 00000001 AMD  00000001)
Sep 23 08:27:55 frankrizzo kernel: ACPI: CDIT 0x00000000CA37E000 000029 (v01 AMD    AmdTable 00000001 AMD  00000001)
Sep 23 08:27:55 frankrizzo kernel: ACPI: SSDT 0x00000000CA37D000 0002C2 (v02 AMD    ArticDGP 00000001 INTL 20120913)
Sep 23 08:27:55 frankrizzo kernel: ACPI: SSDT 0x00000000CA37B000 0010C9 (v02 AMD    ArticTPX 00000001 INTL 20120913)
Sep 23 08:27:55 frankrizzo kernel: ACPI: SSDT 0x00000000CA37A000 00052C (v02 AMD    ArticNOI 00000001 INTL 20120913)
Sep 23 08:27:55 frankrizzo kernel: ACPI: SSDT 0x00000000CA376000 003E6E (v02 AMD    ArticN   00000001 INTL 20120913)
Sep 23 08:27:55 frankrizzo kernel: ACPI: WSMT 0x00000000CA375000 000028 (v01 ALASKA A M I    01072009 AMI  00010013)
Sep 23 08:27:55 frankrizzo kernel: ACPI: APIC 0x00000000CA374000 00015E (v04 ALASKA A M I    01072009 AMI  00010013)
Sep 23 08:27:55 frankrizzo kernel: ACPI: SSDT 0x00000000CA373000 00007D (v02 AMD    ArticDIS 00000001 INTL 20120913)
Sep 23 08:27:55 frankrizzo kernel: ACPI: SSDT 0x00000000CA372000 0000BF (v01 AMD    AmdTable 00001000 INTL 20120913)
Sep 23 08:27:55 frankrizzo kernel: ACPI: FPDT 0x00000000CA371000 000044 (v01 ALASKA A M I    01072009 AMI  01000013)
Sep 23 08:27:55 frankrizzo kernel: ACPI: Reserving FACP table memory at [mem 0xca4e1000-0xca4e1113]
Sep 23 08:27:55 frankrizzo kernel: ACPI: Reserving DSDT table memory at [mem 0xca4d5000-0xca4e015d]
Sep 23 08:27:55 frankrizzo kernel: ACPI: Reserving FACS table memory at [mem 0xcac80000-0xcac8003f]
Sep 23 08:27:55 frankrizzo kernel: ACPI: Reserving SSDT table memory at [mem 0xca4e7000-0xca4efce8]
Sep 23 08:27:55 frankrizzo kernel: ACPI: Reserving SSDT table memory at [mem 0xca4e3000-0xca4e6b8d]
Sep 23 08:27:55 frankrizzo kernel: ACPI: Reserving SSDT table memory at [mem 0xca4e2000-0xca4e23f0]
Sep 23 08:27:55 frankrizzo kernel: ACPI: Reserving FIDT table memory at [mem 0xca4d4000-0xca4d409b]
Sep 23 08:27:55 frankrizzo kernel: ACPI: Reserving MCFG table memory at [mem 0xca4d2000-0xca4d203b]
Sep 23 08:27:55 frankrizzo kernel: ACPI: Reserving HPET table memory at [mem 0xca4d1000-0xca4d1037]
Sep 23 08:27:55 frankrizzo kernel: ACPI: Reserving IVRS table memory at [mem 0xca4cf000-0xca4cf0cf]
Sep 23 08:27:55 frankrizzo kernel: ACPI: Reserving WPBT table memory at [mem 0xca38c000-0xca38c03b]
Sep 23 08:27:55 frankrizzo kernel: ACPI: Reserving TPM2 table memory at [mem 0xca38b000-0xca38b04b]
Sep 23 08:27:55 frankrizzo kernel: ACPI: Reserving PCCT table memory at [mem 0xca38a000-0xca38a06d]
Sep 23 08:27:55 frankrizzo kernel: ACPI: Reserving SSDT table memory at [mem 0xca381000-0xca389212]
Sep 23 08:27:55 frankrizzo kernel: ACPI: Reserving CRAT table memory at [mem 0xca37f000-0xca38070f]
Sep 23 08:27:55 frankrizzo kernel: ACPI: Reserving CDIT table memory at [mem 0xca37e000-0xca37e028]
Sep 23 08:27:55 frankrizzo kernel: ACPI: Reserving SSDT table memory at [mem 0xca37d000-0xca37d2c1]
Sep 23 08:27:55 frankrizzo kernel: ACPI: Reserving SSDT table memory at [mem 0xca37b000-0xca37c0c8]
Sep 23 08:27:55 frankrizzo kernel: ACPI: Reserving SSDT table memory at [mem 0xca37a000-0xca37a52b]
Sep 23 08:27:55 frankrizzo kernel: ACPI: Reserving SSDT table memory at [mem 0xca376000-0xca379e6d]
Sep 23 08:27:55 frankrizzo kernel: ACPI: Reserving WSMT table memory at [mem 0xca375000-0xca375027]
Sep 23 08:27:55 frankrizzo kernel: ACPI: Reserving APIC table memory at [mem 0xca374000-0xca37415d]
Sep 23 08:27:55 frankrizzo kernel: ACPI: Reserving SSDT table memory at [mem 0xca373000-0xca37307c]
Sep 23 08:27:55 frankrizzo kernel: ACPI: Reserving SSDT table memory at [mem 0xca372000-0xca3720be]
Sep 23 08:27:55 frankrizzo kernel: ACPI: Reserving FPDT table memory at [mem 0xca371000-0xca371043]
Sep 23 08:27:55 frankrizzo kernel: No NUMA configuration found
Sep 23 08:27:55 frankrizzo kernel: Faking a node at [mem 0x0000000000000000-0x000000202f2fffff]
Sep 23 08:27:55 frankrizzo kernel: NODE_DATA(0) allocated [mem 0x202f2d5280-0x202f2fffff]
Sep 23 08:27:55 frankrizzo kernel: Zone ranges:
Sep 23 08:27:55 frankrizzo kernel:   DMA      [mem 0x0000000000001000-0x0000000000ffffff]
Sep 23 08:27:55 frankrizzo kernel:   DMA32    [mem 0x0000000001000000-0x00000000ffffffff]
Sep 23 08:27:55 frankrizzo kernel:   Normal   [mem 0x0000000100000000-0x000000202f2fffff]
Sep 23 08:27:55 frankrizzo kernel:   Device   empty
Sep 23 08:27:55 frankrizzo kernel: Movable zone start for each node
Sep 23 08:27:55 frankrizzo kernel: Early memory node ranges
Sep 23 08:27:55 frankrizzo kernel:   node   0: [mem 0x0000000000001000-0x000000000009ffff]
Sep 23 08:27:55 frankrizzo kernel:   node   0: [mem 0x0000000000100000-0x0000000009d1efff]
Sep 23 08:27:55 frankrizzo kernel:   node   0: [mem 0x000000000a000000-0x000000000a1fffff]
Sep 23 08:27:55 frankrizzo kernel:   node   0: [mem 0x000000000a20e000-0x000000000affffff]
Sep 23 08:27:55 frankrizzo kernel:   node   0: [mem 0x000000000b020000-0x00000000c3276fff]
Sep 23 08:27:55 frankrizzo kernel:   node   0: [mem 0x00000000c3278000-0x00000000c9f09fff]
Sep 23 08:27:55 frankrizzo kernel:   node   0: [mem 0x00000000cb9ff000-0x00000000ccffffff]
Sep 23 08:27:55 frankrizzo kernel:   node   0: [mem 0x0000000100000000-0x000000202f2fffff]
Sep 23 08:27:55 frankrizzo kernel: Initmem setup node 0 [mem 0x0000000000001000-0x000000202f2fffff]
Sep 23 08:27:55 frankrizzo kernel: On node 0, zone DMA: 1 pages in unavailable ranges
Sep 23 08:27:55 frankrizzo kernel: On node 0, zone DMA: 96 pages in unavailable ranges
Sep 23 08:27:55 frankrizzo kernel: On node 0, zone DMA32: 737 pages in unavailable ranges
Sep 23 08:27:55 frankrizzo kernel: On node 0, zone DMA32: 14 pages in unavailable ranges
Sep 23 08:27:55 frankrizzo kernel: On node 0, zone DMA32: 32 pages in unavailable ranges
Sep 23 08:27:55 frankrizzo kernel: On node 0, zone DMA32: 1 pages in unavailable ranges
Sep 23 08:27:55 frankrizzo kernel: On node 0, zone DMA32: 6901 pages in unavailable ranges
Sep 23 08:27:55 frankrizzo kernel: On node 0, zone Normal: 12288 pages in unavailable ranges
Sep 23 08:27:55 frankrizzo kernel: On node 0, zone Normal: 3328 pages in unavailable ranges
Sep 23 08:27:55 frankrizzo kernel: ACPI: PM-Timer IO Port: 0x808
Sep 23 08:27:55 frankrizzo kernel: ACPI: LAPIC_NMI (acpi_id[0xff] high edge lint[0x1])
Sep 23 08:27:55 frankrizzo kernel: IOAPIC[0]: apic_id 33, version 33, address 0xfec00000, GSI 0-23
Sep 23 08:27:55 frankrizzo kernel: IOAPIC[1]: apic_id 34, version 33, address 0xfec01000, GSI 24-55
Sep 23 08:27:55 frankrizzo kernel: ACPI: INT_SRC_OVR (bus 0 bus_irq 0 global_irq 2 dfl dfl)
Sep 23 08:27:55 frankrizzo kernel: ACPI: INT_SRC_OVR (bus 0 bus_irq 9 global_irq 9 low level)
Sep 23 08:27:55 frankrizzo kernel: ACPI: Using ACPI (MADT) for SMP configuration information
Sep 23 08:27:55 frankrizzo kernel: ACPI: HPET id: 0x10228201 base: 0xfed00000
Sep 23 08:27:55 frankrizzo kernel: CPU topo: Max. logical packages:   1
Sep 23 08:27:55 frankrizzo kernel: CPU topo: Max. logical dies:       1
Sep 23 08:27:55 frankrizzo kernel: CPU topo: Max. dies per package:   1
Sep 23 08:27:55 frankrizzo kernel: CPU topo: Max. threads per core:   2
Sep 23 08:27:55 frankrizzo kernel: CPU topo: Num. cores per package:    16
Sep 23 08:27:55 frankrizzo kernel: CPU topo: Num. threads per package:  32
Sep 23 08:27:55 frankrizzo kernel: CPU topo: Allowing 32 present CPUs plus 0 hotplug CPUs
Sep 23 08:27:55 frankrizzo kernel: PM: hibernation: Registered nosave memory: [mem 0x00000000-0x00000fff]
Sep 23 08:27:55 frankrizzo kernel: PM: hibernation: Registered nosave memory: [mem 0x000a0000-0x000fffff]
Sep 23 08:27:55 frankrizzo kernel: PM: hibernation: Registered nosave memory: [mem 0x09d1f000-0x09ffffff]
Sep 23 08:27:55 frankrizzo kernel: PM: hibernation: Registered nosave memory: [mem 0x0a200000-0x0a20dfff]
Sep 23 08:27:55 frankrizzo kernel: PM: hibernation: Registered nosave memory: [mem 0x0b000000-0x0b01ffff]
Sep 23 08:27:55 frankrizzo kernel: PM: hibernation: Registered nosave memory: [mem 0xc3277000-0xc3277fff]
Sep 23 08:27:55 frankrizzo kernel: PM: hibernation: Registered nosave memory: [mem 0xc7d69000-0xc7d69fff]
Sep 23 08:27:55 frankrizzo kernel: PM: hibernation: Registered nosave memory: [mem 0xc9f0a000-0xcb9fefff]
Sep 23 08:27:55 frankrizzo kernel: PM: hibernation: Registered nosave memory: [mem 0xcd000000-0xffffffff]
Sep 23 08:27:55 frankrizzo kernel: [mem 0xd0000000-0xfe9fffff] available for PCI devices
Sep 23 08:27:55 frankrizzo kernel: Booting paravirtualized kernel on bare hardware
Sep 23 08:27:55 frankrizzo kernel: clocksource: refined-jiffies: mask: 0xffffffff max_cycles: 0xffffffff, max_idle_ns: 1910969940391419 ns
Sep 23 08:27:55 frankrizzo kernel: setup_percpu: NR_CPUS:8192 nr_cpumask_bits:32 nr_cpu_ids:32 nr_node_ids:1
Sep 23 08:27:55 frankrizzo kernel: percpu: Embedded 62 pages/cpu s217088 r8192 d28672 u262144
Sep 23 08:27:55 frankrizzo kernel: pcpu-alloc: s217088 r8192 d28672 u262144 alloc=1*2097152
Sep 23 08:27:55 frankrizzo kernel: pcpu-alloc: [0] 00 01 02 03 04 05 06 07 [0] 08 09 10 11 12 13 14 15 
Sep 23 08:27:55 frankrizzo kernel: pcpu-alloc: [0] 16 17 18 19 20 21 22 23 [0] 24 25 26 27 28 29 30 31 
Sep 23 08:27:55 frankrizzo kernel: Kernel command line: initrd=\initramfs-linux.img root=PARTUUID=7e5dfcc0-ce46-4309-973b-41f762b67387 rootflags=subvol=@ rw rootfstype=btrfs splash quiet
Sep 23 08:27:55 frankrizzo kernel: Unknown kernel command line parameters "splash", will be passed to user space.
Sep 23 08:27:55 frankrizzo kernel: printk: log_buf_len individual max cpu contribution: 4096 bytes
Sep 23 08:27:55 frankrizzo kernel: printk: log_buf_len total cpu_extra contributions: 126976 bytes
Sep 23 08:27:55 frankrizzo kernel: printk: log_buf_len min size: 131072 bytes
Sep 23 08:27:55 frankrizzo kernel: printk: log buffer data + meta data: 262144 + 917504 = 1179648 bytes
Sep 23 08:27:55 frankrizzo kernel: printk: early log buf free: 116640(88%)
Sep 23 08:27:55 frankrizzo kernel: Dentry cache hash table entries: 8388608 (order: 14, 67108864 bytes, linear)
Sep 23 08:27:55 frankrizzo kernel: Inode-cache hash table entries: 4194304 (order: 13, 33554432 bytes, linear)
Sep 23 08:27:55 frankrizzo kernel: software IO TLB: area num 32.
Sep 23 08:27:55 frankrizzo kernel: Fallback order for Node 0: 0 
Sep 23 08:27:55 frankrizzo kernel: Built 1 zonelists, mobility grouping on.  Total pages: 33531034
Sep 23 08:27:55 frankrizzo kernel: Policy zone: Normal
Sep 23 08:27:55 frankrizzo kernel: mem auto-init: stack:all(zero), heap alloc:on, heap free:off
Sep 23 08:27:55 frankrizzo kernel: SLUB: HWalign=64, Order=0-3, MinObjects=0, CPUs=32, Nodes=1
Sep 23 08:27:55 frankrizzo kernel: ftrace: allocating 56047 entries in 220 pages
Sep 23 08:27:55 frankrizzo kernel: ftrace: allocated 220 pages with 5 groups
Sep 23 08:27:55 frankrizzo kernel: Dynamic Preempt: full
Sep 23 08:27:55 frankrizzo kernel: rcu: Preemptible hierarchical RCU implementation.
Sep 23 08:27:55 frankrizzo kernel: rcu:         RCU restricting CPUs from NR_CPUS=8192 to nr_cpu_ids=32.
Sep 23 08:27:55 frankrizzo kernel: rcu:         RCU priority boosting: priority 1 delay 500 ms.
Sep 23 08:27:55 frankrizzo kernel:         Trampoline variant of Tasks RCU enabled.
Sep 23 08:27:55 frankrizzo kernel:         Rude variant of Tasks RCU enabled.
Sep 23 08:27:55 frankrizzo kernel:         Tracing variant of Tasks RCU enabled.
Sep 23 08:27:55 frankrizzo kernel: rcu: RCU calculated value of scheduler-enlistment delay is 100 jiffies.
Sep 23 08:27:55 frankrizzo kernel: rcu: Adjusting geometry for rcu_fanout_leaf=16, nr_cpu_ids=32
Sep 23 08:27:55 frankrizzo kernel: RCU Tasks: Setting shift to 5 and lim to 1 rcu_task_cb_adjust=1 rcu_task_cpu_ids=32.
Sep 23 08:27:55 frankrizzo kernel: RCU Tasks Rude: Setting shift to 5 and lim to 1 rcu_task_cb_adjust=1 rcu_task_cpu_ids=32.
Sep 23 08:27:55 frankrizzo kernel: RCU Tasks Trace: Setting shift to 5 and lim to 1 rcu_task_cb_adjust=1 rcu_task_cpu_ids=32.
Sep 23 08:27:55 frankrizzo kernel: NR_IRQS: 524544, nr_irqs: 1224, preallocated irqs: 16
Sep 23 08:27:55 frankrizzo kernel: rcu: srcu_init: Setting srcu_struct sizes based on contention.
Sep 23 08:27:55 frankrizzo kernel: kfence: initialized - using 2097152 bytes for 255 objects at 0x(____ptrval____)-0x(____ptrval____)
Sep 23 08:27:55 frankrizzo kernel: Console: colour dummy device 80x25
Sep 23 08:27:55 frankrizzo kernel: printk: legacy console [tty0] enabled
Sep 23 08:27:55 frankrizzo kernel: ACPI: Core revision 20250404
Sep 23 08:27:55 frankrizzo kernel: clocksource: hpet: mask: 0xffffffff max_cycles: 0xffffffff, max_idle_ns: 133484873504 ns
Sep 23 08:27:55 frankrizzo kernel: APIC: Switch to symmetric I/O mode setup
Sep 23 08:27:55 frankrizzo kernel: AMD-Vi: Using global IVHD EFR:0x0, EFR2:0x0
Sep 23 08:27:55 frankrizzo kernel: x2apic: IRQ remapping doesn't support X2APIC mode
Sep 23 08:27:55 frankrizzo kernel: ..TIMER: vector=0x30 apic1=0 pin1=2 apic2=-1 pin2=-1
Sep 23 08:27:55 frankrizzo kernel: clocksource: tsc-early: mask: 0xffffffffffffffff max_cycles: 0x30eaa913899, max_idle_ns: 440795243642 ns
Sep 23 08:27:55 frankrizzo kernel: Calibrating delay loop (skipped), value calculated using timer frequency.. 6787.18 BogoMIPS (lpj=3393592)
Sep 23 08:27:55 frankrizzo kernel: x86/cpu: User Mode Instruction Prevention (UMIP) activated
Sep 23 08:27:55 frankrizzo kernel: LVT offset 1 assigned for vector 0xf9
Sep 23 08:27:55 frankrizzo kernel: LVT offset 2 assigned for vector 0xf4
Sep 23 08:27:55 frankrizzo kernel: Last level iTLB entries: 4KB 512, 2MB 512, 4MB 256
Sep 23 08:27:55 frankrizzo kernel: Last level dTLB entries: 4KB 2048, 2MB 2048, 4MB 1024, 1GB 0
Sep 23 08:27:55 frankrizzo kernel: process: using mwait in idle threads
Sep 23 08:27:55 frankrizzo kernel: Speculative Store Bypass: Mitigation: Speculative Store Bypass disabled via prctl
Sep 23 08:27:55 frankrizzo kernel: Transient Scheduler Attacks: Mitigation: Clear CPU buffers
Sep 23 08:27:55 frankrizzo kernel: Spectre V2 : Mitigation: Retpolines
Sep 23 08:27:55 frankrizzo kernel: Spectre V2 : User space: Mitigation: STIBP always-on protection
Sep 23 08:27:55 frankrizzo kernel: Speculative Return Stack Overflow: Mitigation: Safe RET
Sep 23 08:27:55 frankrizzo kernel: VMSCAPE: Mitigation: IBPB before exit to userspace
Sep 23 08:27:55 frankrizzo kernel: Spectre V1 : Mitigation: usercopy/swapgs barriers and __user pointer sanitization
Sep 23 08:27:55 frankrizzo kernel: Spectre V2 : Spectre v2 / SpectreRSB: Filling RSB on context switch and VMEXIT
Sep 23 08:27:55 frankrizzo kernel: Spectre V2 : Enabling Restricted Speculation for firmware calls
Sep 23 08:27:55 frankrizzo kernel: Spectre V2 : mitigation: Enabling conditional Indirect Branch Prediction Barrier
Sep 23 08:27:55 frankrizzo kernel: active return thunk: srso_alias_return_thunk
Sep 23 08:27:55 frankrizzo kernel: x86/fpu: Supporting XSAVE feature 0x001: 'x87 floating point registers'
Sep 23 08:27:55 frankrizzo kernel: x86/fpu: Supporting XSAVE feature 0x002: 'SSE registers'
Sep 23 08:27:55 frankrizzo kernel: x86/fpu: Supporting XSAVE feature 0x004: 'AVX registers'
Sep 23 08:27:55 frankrizzo kernel: x86/fpu: Supporting XSAVE feature 0x200: 'Protection Keys User registers'
Sep 23 08:27:55 frankrizzo kernel: x86/fpu: Supporting XSAVE feature 0x800: 'Control-flow User registers'
Sep 23 08:27:55 frankrizzo kernel: x86/fpu: xstate_offset[2]:  576, xstate_sizes[2]:  256
Sep 23 08:27:55 frankrizzo kernel: x86/fpu: xstate_offset[9]:  832, xstate_sizes[9]:    8
Sep 23 08:27:55 frankrizzo kernel: x86/fpu: xstate_offset[11]:  840, xstate_sizes[11]:   16
Sep 23 08:27:55 frankrizzo kernel: x86/fpu: Enabled xstate features 0xa07, context size is 856 bytes, using 'compacted' format.
Sep 23 08:27:55 frankrizzo kernel: Freeing SMP alternatives memory: 56K
Sep 23 08:27:55 frankrizzo kernel: pid_max: default: 32768 minimum: 301
Sep 23 08:27:55 frankrizzo kernel: LSM: initializing lsm=capability,landlock,lockdown,yama,bpf
Sep 23 08:27:55 frankrizzo kernel: landlock: Up and running.
Sep 23 08:27:55 frankrizzo kernel: Yama: becoming mindful.
Sep 23 08:27:55 frankrizzo kernel: LSM support for eBPF active
Sep 23 08:27:55 frankrizzo kernel: Mount-cache hash table entries: 131072 (order: 8, 1048576 bytes, linear)
Sep 23 08:27:55 frankrizzo kernel: Mountpoint-cache hash table entries: 131072 (order: 8, 1048576 bytes, linear)
Sep 23 08:27:55 frankrizzo kernel: smpboot: CPU0: AMD Ryzen 9 5950X 16-Core Processor (family: 0x19, model: 0x21, stepping: 0x2)
Sep 23 08:27:55 frankrizzo kernel: Performance Events: Fam17h+ core perfctr, AMD PMU driver.
Sep 23 08:27:55 frankrizzo kernel: ... version:                0
Sep 23 08:27:55 frankrizzo kernel: ... bit width:              48
Sep 23 08:27:55 frankrizzo kernel: ... generic registers:      6
Sep 23 08:27:55 frankrizzo kernel: ... value mask:             0000ffffffffffff
Sep 23 08:27:55 frankrizzo kernel: ... max period:             00007fffffffffff
Sep 23 08:27:55 frankrizzo kernel: ... fixed-purpose events:   0
Sep 23 08:27:55 frankrizzo kernel: ... event mask:             000000000000003f
Sep 23 08:27:55 frankrizzo kernel: signal: max sigframe size: 3376
Sep 23 08:27:55 frankrizzo kernel: rcu: Hierarchical SRCU implementation.
Sep 23 08:27:55 frankrizzo kernel: rcu:         Max phase no-delay instances is 400.
Sep 23 08:27:55 frankrizzo kernel: Timer migration: 2 hierarchy levels; 8 children per group; 2 crossnode level
Sep 23 08:27:55 frankrizzo kernel: MCE: In-kernel MCE decoding enabled.
Sep 23 08:27:55 frankrizzo kernel: NMI watchdog: Enabled. Permanently consumes one hw-PMU counter.
Sep 23 08:27:55 frankrizzo kernel: smp: Bringing up secondary CPUs ...
Sep 23 08:27:55 frankrizzo kernel: smpboot: x86: Booting SMP configuration:
Sep 23 08:27:55 frankrizzo kernel: .... node  #0, CPUs:        #1  #2  #3  #4  #5  #6  #7  #8  #9 #10 #11 #12 #13 #14 #15 #16 #17 #18 #19 #20 #21 #22 #23 #24 #25 #26 #27 #28 #29 #30 #31
Sep 23 08:27:55 frankrizzo kernel: Spectre V2 : Update user space SMT mitigation: STIBP always-on
Sep 23 08:27:55 frankrizzo kernel: smp: Brought up 1 node, 32 CPUs
Sep 23 08:27:55 frankrizzo kernel: smpboot: Total of 32 processors activated (217189.88 BogoMIPS)
Sep 23 08:27:55 frankrizzo kernel: Memory: 131710540K/134124136K available (19868K kernel code, 2942K rwdata, 16672K rodata, 4664K init, 4948K bss, 2375552K reserved, 0K cma-reserved)
Sep 23 08:27:55 frankrizzo kernel: devtmpfs: initialized
Sep 23 08:27:55 frankrizzo kernel: x86/mm: Memory block size: 2048MB
Sep 23 08:27:55 frankrizzo kernel: ACPI: PM: Registering ACPI NVS region [mem 0x0a200000-0x0a20dfff] (57344 bytes)
Sep 23 08:27:55 frankrizzo kernel: ACPI: PM: Registering ACPI NVS region [mem 0xca4f2000-0xcac9afff] (8032256 bytes)
Sep 23 08:27:55 frankrizzo kernel: clocksource: jiffies: mask: 0xffffffff max_cycles: 0xffffffff, max_idle_ns: 1911260446275000 ns
Sep 23 08:27:55 frankrizzo kernel: posixtimers hash table entries: 16384 (order: 6, 262144 bytes, linear)
Sep 23 08:27:55 frankrizzo kernel: futex hash table entries: 8192 (524288 bytes on 1 NUMA nodes, total 512 KiB, linear).
Sep 23 08:27:55 frankrizzo kernel: pinctrl core: initialized pinctrl subsystem
Sep 23 08:27:55 frankrizzo kernel: PM: RTC time: 13:27:50, date: 2025-09-23
Sep 23 08:27:55 frankrizzo kernel: NET: Registered PF_NETLINK/PF_ROUTE protocol family
Sep 23 08:27:55 frankrizzo kernel: DMA: preallocated 4096 KiB GFP_KERNEL pool for atomic allocations
Sep 23 08:27:55 frankrizzo kernel: DMA: preallocated 4096 KiB GFP_KERNEL|GFP_DMA pool for atomic allocations
Sep 23 08:27:55 frankrizzo kernel: DMA: preallocated 4096 KiB GFP_KERNEL|GFP_DMA32 pool for atomic allocations
Sep 23 08:27:55 frankrizzo kernel: audit: initializing netlink subsys (disabled)
Sep 23 08:27:55 frankrizzo kernel: audit: type=2000 audit(1758634068.187:1): state=initialized audit_enabled=0 res=1
Sep 23 08:27:55 frankrizzo kernel: thermal_sys: Registered thermal governor 'fair_share'
Sep 23 08:27:55 frankrizzo kernel: thermal_sys: Registered thermal governor 'bang_bang'
Sep 23 08:27:55 frankrizzo kernel: thermal_sys: Registered thermal governor 'step_wise'
Sep 23 08:27:55 frankrizzo kernel: thermal_sys: Registered thermal governor 'user_space'
Sep 23 08:27:55 frankrizzo kernel: thermal_sys: Registered thermal governor 'power_allocator'
Sep 23 08:27:55 frankrizzo kernel: cpuidle: using governor ladder
Sep 23 08:27:55 frankrizzo kernel: cpuidle: using governor menu
Sep 23 08:27:55 frankrizzo kernel: Detected 1 PCC Subspaces
Sep 23 08:27:55 frankrizzo kernel: Registering PCC driver as Mailbox controller
Sep 23 08:27:55 frankrizzo kernel: acpiphp: ACPI Hot Plug PCI Controller Driver version: 0.5
Sep 23 08:27:55 frankrizzo kernel: PCI: ECAM [mem 0xf0000000-0xf7ffffff] (base 0xf0000000) for domain 0000 [bus 00-7f]
Sep 23 08:27:55 frankrizzo kernel: PCI: Using configuration type 1 for base access
Sep 23 08:27:55 frankrizzo kernel: kprobes: kprobe jump-optimization is enabled. All kprobes are optimized if possible.
Sep 23 08:27:55 frankrizzo kernel: HugeTLB: allocation took 0ms with hugepage_allocation_threads=8
Sep 23 08:27:55 frankrizzo kernel: HugeTLB: registered 1.00 GiB page size, pre-allocated 0 pages
Sep 23 08:27:55 frankrizzo kernel: HugeTLB: 16380 KiB vmemmap can be freed for a 1.00 GiB page
Sep 23 08:27:55 frankrizzo kernel: HugeTLB: registered 2.00 MiB page size, pre-allocated 0 pages
Sep 23 08:27:55 frankrizzo kernel: HugeTLB: 28 KiB vmemmap can be freed for a 2.00 MiB page
Sep 23 08:27:55 frankrizzo kernel: raid6: skipped pq benchmark and selected avx2x4
Sep 23 08:27:55 frankrizzo kernel: raid6: using avx2x2 recovery algorithm
Sep 23 08:27:55 frankrizzo kernel: ACPI: Added _OSI(Module Device)
Sep 23 08:27:55 frankrizzo kernel: ACPI: Added _OSI(Processor Device)
Sep 23 08:27:55 frankrizzo kernel: ACPI: Added _OSI(Processor Aggregator Device)
Sep 23 08:27:55 frankrizzo kernel: ACPI: 11 ACPI AML tables successfully acquired and loaded
Sep 23 08:27:55 frankrizzo kernel: ACPI: [Firmware Bug]: BIOS _OSI(Linux) query ignored
Sep 23 08:27:55 frankrizzo kernel: ACPI: Interpreter enabled
Sep 23 08:27:55 frankrizzo kernel: ACPI: PM: (supports S0 S3 S4 S5)
Sep 23 08:27:55 frankrizzo kernel: ACPI: Using IOAPIC for interrupt routing
Sep 23 08:27:55 frankrizzo kernel: PCI: Using host bridge windows from ACPI; if necessary, use "pci=nocrs" and report a bug
Sep 23 08:27:55 frankrizzo kernel: PCI: Ignoring E820 reservations for host bridge windows
Sep 23 08:27:55 frankrizzo kernel: ACPI: Enabled 5 GPEs in block 00 to 1F
Sep 23 08:27:55 frankrizzo kernel: ACPI: PCI Root Bridge [PCI0] (domain 0000 [bus 00-ff])
Sep 23 08:27:55 frankrizzo kernel: acpi PNP0A08:00: _OSC: OS supports [ExtendedConfig ASPM ClockPM Segments MSI EDR HPX-Type3]
Sep 23 08:27:55 frankrizzo kernel: acpi PNP0A08:00: _OSC: platform does not support [PCIeHotplug SHPCHotplug PME LTR DPC]
Sep 23 08:27:55 frankrizzo kernel: acpi PNP0A08:00: _OSC: OS now controls [AER PCIeCapability]
Sep 23 08:27:55 frankrizzo kernel: acpi PNP0A08:00: [Firmware Info]: ECAM [mem 0xf0000000-0xf7ffffff] for domain 0000 [bus 00-7f] only partially covers this bridge
Sep 23 08:27:55 frankrizzo kernel: PCI host bridge to bus 0000:00
Sep 23 08:27:55 frankrizzo kernel: pci_bus 0000:00: root bus resource [io  0x0000-0x03af window]
Sep 23 08:27:55 frankrizzo kernel: pci_bus 0000:00: root bus resource [io  0x03e0-0x0cf7 window]
Sep 23 08:27:55 frankrizzo kernel: pci_bus 0000:00: root bus resource [io  0x03b0-0x03df window]
Sep 23 08:27:55 frankrizzo kernel: pci_bus 0000:00: root bus resource [io  0x0d00-0xffff window]
Sep 23 08:27:55 frankrizzo kernel: pci_bus 0000:00: root bus resource [mem 0x000a0000-0x000dffff window]
Sep 23 08:27:55 frankrizzo kernel: pci_bus 0000:00: root bus resource [mem 0xd0000000-0xfec2ffff window]
Sep 23 08:27:55 frankrizzo kernel: pci_bus 0000:00: root bus resource [mem 0xfee00000-0xffffffff window]
Sep 23 08:27:55 frankrizzo kernel: pci_bus 0000:00: root bus resource [bus 00-ff]
Sep 23 08:27:55 frankrizzo kernel: pci 0000:00:00.0: [1022:1480] type 00 class 0x060000 conventional PCI endpoint
Sep 23 08:27:55 frankrizzo kernel: pci 0000:00:00.2: [1022:1481] type 00 class 0x080600 conventional PCI endpoint
Sep 23 08:27:55 frankrizzo kernel: pci 0000:00:01.0: [1022:1482] type 00 class 0x060000 conventional PCI endpoint
Sep 23 08:27:55 frankrizzo kernel: pci 0000:00:01.1: [1022:1483] type 01 class 0x060400 PCIe Root Port
Sep 23 08:27:55 frankrizzo kernel: pci 0000:00:01.1: PCI bridge to [bus 01]
Sep 23 08:27:55 frankrizzo kernel: pci 0000:00:01.1:   bridge window [mem 0xfcf00000-0xfcffffff]
Sep 23 08:27:55 frankrizzo kernel: pci 0000:00:01.1: enabling Extended Tags
Sep 23 08:27:55 frankrizzo kernel: pci 0000:00:01.1: PME# supported from D0 D3hot D3cold
Sep 23 08:27:55 frankrizzo kernel: pci 0000:00:01.2: [1022:1483] type 01 class 0x060400 PCIe Root Port
Sep 23 08:27:55 frankrizzo kernel: pci 0000:00:01.2: PCI bridge to [bus 02-06]
Sep 23 08:27:55 frankrizzo kernel: pci 0000:00:01.2:   bridge window [mem 0xfc600000-0xfc9fffff]
Sep 23 08:27:55 frankrizzo kernel: pci 0000:00:01.2: enabling Extended Tags
Sep 23 08:27:55 frankrizzo kernel: pci 0000:00:01.2: PME# supported from D0 D3hot D3cold
Sep 23 08:27:55 frankrizzo kernel: pci 0000:00:02.0: [1022:1482] type 00 class 0x060000 conventional PCI endpoint
Sep 23 08:27:55 frankrizzo kernel: pci 0000:00:03.0: [1022:1482] type 00 class 0x060000 conventional PCI endpoint
Sep 23 08:27:55 frankrizzo kernel: pci 0000:00:03.1: [1022:1483] type 01 class 0x060400 PCIe Root Port
Sep 23 08:27:55 frankrizzo kernel: pci 0000:00:03.1: PCI bridge to [bus 07-09]
Sep 23 08:27:55 frankrizzo kernel: pci 0000:00:03.1:   bridge window [io  0xf000-0xffff]
Sep 23 08:27:55 frankrizzo kernel: pci 0000:00:03.1:   bridge window [mem 0xfcd00000-0xfcefffff]
Sep 23 08:27:55 frankrizzo kernel: pci 0000:00:03.1:   bridge window [mem 0xd0000000-0xe01fffff 64bit pref]
Sep 23 08:27:55 frankrizzo kernel: pci 0000:00:03.1: PME# supported from D0 D3hot D3cold
Sep 23 08:27:55 frankrizzo kernel: pci 0000:00:04.0: [1022:1482] type 00 class 0x060000 conventional PCI endpoint
Sep 23 08:27:55 frankrizzo kernel: pci 0000:00:05.0: [1022:1482] type 00 class 0x060000 conventional PCI endpoint
Sep 23 08:27:55 frankrizzo kernel: pci 0000:00:07.0: [1022:1482] type 00 class 0x060000 conventional PCI endpoint
Sep 23 08:27:55 frankrizzo kernel: pci 0000:00:07.1: [1022:1484] type 01 class 0x060400 PCIe Root Port
Sep 23 08:27:55 frankrizzo kernel: pci 0000:00:07.1: PCI bridge to [bus 0a]
Sep 23 08:27:55 frankrizzo kernel: pci 0000:00:07.1: enabling Extended Tags
Sep 23 08:27:55 frankrizzo kernel: pci 0000:00:07.1: PME# supported from D0 D3hot D3cold
Sep 23 08:27:55 frankrizzo kernel: pci 0000:00:08.0: [1022:1482] type 00 class 0x060000 conventional PCI endpoint
Sep 23 08:27:55 frankrizzo kernel: pci 0000:00:08.1: [1022:1484] type 01 class 0x060400 PCIe Root Port
Sep 23 08:27:55 frankrizzo kernel: pci 0000:00:08.1: PCI bridge to [bus 0b]
Sep 23 08:27:55 frankrizzo kernel: pci 0000:00:08.1:   bridge window [mem 0xfca00000-0xfccfffff]
Sep 23 08:27:55 frankrizzo kernel: pci 0000:00:08.1: enabling Extended Tags
Sep 23 08:27:55 frankrizzo kernel: pci 0000:00:08.1: PME# supported from D0 D3hot D3cold
Sep 23 08:27:55 frankrizzo kernel: pci 0000:00:14.0: [1022:790b] type 00 class 0x0c0500 conventional PCI endpoint
Sep 23 08:27:55 frankrizzo kernel: pci 0000:00:14.3: [1022:790e] type 00 class 0x060100 conventional PCI endpoint
Sep 23 08:27:55 frankrizzo kernel: pci 0000:00:18.0: [1022:1440] type 00 class 0x060000 conventional PCI endpoint
Sep 23 08:27:55 frankrizzo kernel: pci 0000:00:18.1: [1022:1441] type 00 class 0x060000 conventional PCI endpoint
Sep 23 08:27:55 frankrizzo kernel: pci 0000:00:18.2: [1022:1442] type 00 class 0x060000 conventional PCI endpoint
Sep 23 08:27:55 frankrizzo kernel: pci 0000:00:18.3: [1022:1443] type 00 class 0x060000 conventional PCI endpoint
Sep 23 08:27:55 frankrizzo kernel: pci 0000:00:18.4: [1022:1444] type 00 class 0x060000 conventional PCI endpoint
Sep 23 08:27:55 frankrizzo kernel: pci 0000:00:18.5: [1022:1445] type 00 class 0x060000 conventional PCI endpoint
Sep 23 08:27:55 frankrizzo kernel: pci 0000:00:18.6: [1022:1446] type 00 class 0x060000 conventional PCI endpoint
Sep 23 08:27:55 frankrizzo kernel: pci 0000:00:18.7: [1022:1447] type 00 class 0x060000 conventional PCI endpoint
Sep 23 08:27:55 frankrizzo kernel: pci 0000:01:00.0: [15b7:5017] type 00 class 0x010802 PCIe Endpoint
Sep 23 08:27:55 frankrizzo kernel: pci 0000:01:00.0: BAR 0 [mem 0xfcf00000-0xfcf03fff 64bit]
Sep 23 08:27:55 frankrizzo kernel: pci 0000:00:01.1: PCI bridge to [bus 01]
Sep 23 08:27:55 frankrizzo kernel: pci 0000:02:00.0: [1022:43ee] type 00 class 0x0c0330 PCIe Legacy Endpoint
Sep 23 08:27:55 frankrizzo kernel: pci 0000:02:00.0: BAR 0 [mem 0xfc900000-0xfc907fff 64bit]
Sep 23 08:27:55 frankrizzo kernel: pci 0000:02:00.0: enabling Extended Tags
Sep 23 08:27:55 frankrizzo kernel: pci 0000:02:00.0: PME# supported from D3hot D3cold
Sep 23 08:27:55 frankrizzo kernel: pci 0000:02:00.2: [1022:43e9] type 01 class 0x060400 PCIe Switch Upstream Port
Sep 23 08:27:55 frankrizzo kernel: pci 0000:02:00.2: PCI bridge to [bus 03-06]
Sep 23 08:27:55 frankrizzo kernel: pci 0000:02:00.2:   bridge window [mem 0xfc600000-0xfc8fffff]
Sep 23 08:27:55 frankrizzo kernel: pci 0000:02:00.2: enabling Extended Tags
Sep 23 08:27:55 frankrizzo kernel: pci 0000:02:00.2: PME# supported from D3hot D3cold
Sep 23 08:27:55 frankrizzo kernel: pci 0000:00:01.2: PCI bridge to [bus 02-06]
Sep 23 08:27:55 frankrizzo kernel: pci 0000:03:00.0: [1022:43ea] type 01 class 0x060400 PCIe Switch Downstream Port
Sep 23 08:27:55 frankrizzo kernel: pci 0000:03:00.0: PCI bridge to [bus 04]
Sep 23 08:27:55 frankrizzo kernel: pci 0000:03:00.0: enabling Extended Tags
Sep 23 08:27:55 frankrizzo kernel: pci 0000:03:00.0: PME# supported from D3hot D3cold
Sep 23 08:27:55 frankrizzo kernel: pci 0000:03:08.0: [1022:43ea] type 01 class 0x060400 PCIe Switch Downstream Port
Sep 23 08:27:55 frankrizzo kernel: pci 0000:03:08.0: PCI bridge to [bus 05]
Sep 23 08:27:55 frankrizzo kernel: pci 0000:03:08.0:   bridge window [mem 0xfc800000-0xfc8fffff]
Sep 23 08:27:55 frankrizzo kernel: pci 0000:03:08.0: enabling Extended Tags
Sep 23 08:27:55 frankrizzo kernel: pci 0000:03:08.0: PME# supported from D3hot D3cold
Sep 23 08:27:55 frankrizzo kernel: pci 0000:03:09.0: [1022:43ea] type 01 class 0x060400 PCIe Switch Downstream Port
Sep 23 08:27:55 frankrizzo kernel: pci 0000:03:09.0: PCI bridge to [bus 06]
Sep 23 08:27:55 frankrizzo kernel: pci 0000:03:09.0:   bridge window [mem 0xfc600000-0xfc7fffff]
Sep 23 08:27:55 frankrizzo kernel: pci 0000:03:09.0: enabling Extended Tags
Sep 23 08:27:55 frankrizzo kernel: pci 0000:03:09.0: PME# supported from D3hot D3cold
Sep 23 08:27:55 frankrizzo kernel: pci 0000:02:00.2: PCI bridge to [bus 03-06]
Sep 23 08:27:55 frankrizzo kernel: pci 0000:03:00.0: PCI bridge to [bus 04]
Sep 23 08:27:55 frankrizzo kernel: pci 0000:05:00.0: [8086:2723] type 00 class 0x028000 PCIe Endpoint
Sep 23 08:27:55 frankrizzo kernel: pci 0000:05:00.0: BAR 0 [mem 0xfc800000-0xfc803fff 64bit]
Sep 23 08:27:55 frankrizzo kernel: pci 0000:05:00.0: PME# supported from D0 D3hot D3cold
Sep 23 08:27:55 frankrizzo kernel: pci 0000:03:08.0: PCI bridge to [bus 05]
Sep 23 08:27:55 frankrizzo kernel: pci 0000:06:00.0: [8086:15f3] type 00 class 0x020000 PCIe Endpoint
Sep 23 08:27:55 frankrizzo kernel: pci 0000:06:00.0: BAR 0 [mem 0xfc600000-0xfc6fffff]
Sep 23 08:27:55 frankrizzo kernel: pci 0000:06:00.0: BAR 3 [mem 0xfc700000-0xfc703fff]
Sep 23 08:27:55 frankrizzo kernel: pci 0000:06:00.0: PME# supported from D0 D3hot D3cold
Sep 23 08:27:55 frankrizzo kernel: pci 0000:03:09.0: PCI bridge to [bus 06]
Sep 23 08:27:55 frankrizzo kernel: pci 0000:07:00.0: [1002:1478] type 01 class 0x060400 PCIe Switch Upstream Port
Sep 23 08:27:55 frankrizzo kernel: pci 0000:07:00.0: BAR 0 [mem 0xfce00000-0xfce03fff]
Sep 23 08:27:55 frankrizzo kernel: pci 0000:07:00.0: PCI bridge to [bus 08-09]
Sep 23 08:27:55 frankrizzo kernel: pci 0000:07:00.0:   bridge window [io  0xf000-0xffff]
Sep 23 08:27:55 frankrizzo kernel: pci 0000:07:00.0:   bridge window [mem 0xfcd00000-0xfcdfffff]
Sep 23 08:27:55 frankrizzo kernel: pci 0000:07:00.0:   bridge window [mem 0xd0000000-0xe01fffff 64bit pref]
Sep 23 08:27:55 frankrizzo kernel: pci 0000:07:00.0: PME# supported from D0 D3hot D3cold
Sep 23 08:27:55 frankrizzo kernel: pci 0000:07:00.0: 252.048 Gb/s available PCIe bandwidth, limited by 16.0 GT/s PCIe x16 link at 0000:00:03.1 (capable of 504.112 Gb/s with 32.0 GT/s PCIe x16 link)
Sep 23 08:27:55 frankrizzo kernel: pci 0000:00:03.1: PCI bridge to [bus 07-09]
Sep 23 08:27:55 frankrizzo kernel: pci 0000:08:00.0: [1002:1479] type 01 class 0x060400 PCIe Switch Downstream Port
Sep 23 08:27:55 frankrizzo kernel: pci 0000:08:00.0: PCI bridge to [bus 09]
Sep 23 08:27:55 frankrizzo kernel: pci 0000:08:00.0:   bridge window [io  0xf000-0xffff]
Sep 23 08:27:55 frankrizzo kernel: pci 0000:08:00.0:   bridge window [mem 0xfcd00000-0xfcdfffff]
Sep 23 08:27:55 frankrizzo kernel: pci 0000:08:00.0:   bridge window [mem 0xd0000000-0xe01fffff 64bit pref]
Sep 23 08:27:55 frankrizzo kernel: pci 0000:08:00.0: PME# supported from D0 D3hot D3cold
Sep 23 08:27:55 frankrizzo kernel: pci 0000:07:00.0: PCI bridge to [bus 08-09]
Sep 23 08:27:55 frankrizzo kernel: pci 0000:09:00.0: [1002:7550] type 00 class 0x030000 PCIe Legacy Endpoint
Sep 23 08:27:55 frankrizzo kernel: pci 0000:09:00.0: BAR 0 [mem 0xd0000000-0xdfffffff 64bit pref]
Sep 23 08:27:55 frankrizzo kernel: pci 0000:09:00.0: BAR 2 [mem 0xe0000000-0xe01fffff 64bit pref]
Sep 23 08:27:55 frankrizzo kernel: pci 0000:09:00.0: BAR 4 [io  0xf000-0xf0ff]
Sep 23 08:27:55 frankrizzo kernel: pci 0000:09:00.0: BAR 5 [mem 0xfcd00000-0xfcd7ffff]
Sep 23 08:27:55 frankrizzo kernel: pci 0000:09:00.0: ROM [mem 0xfcd80000-0xfcd9ffff pref]
Sep 23 08:27:55 frankrizzo kernel: pci 0000:09:00.0: Video device with shadowed ROM at [mem 0x000c0000-0x000dffff]
Sep 23 08:27:55 frankrizzo kernel: pci 0000:09:00.0: PME# supported from D1 D2 D3hot D3cold
Sep 23 08:27:55 frankrizzo kernel: pci 0000:09:00.0: 252.048 Gb/s available PCIe bandwidth, limited by 16.0 GT/s PCIe x16 link at 0000:00:03.1 (capable of 504.112 Gb/s with 32.0 GT/s PCIe x16 link)
Sep 23 08:27:55 frankrizzo kernel: pci 0000:09:00.1: [1002:ab40] type 00 class 0x040300 PCIe Legacy Endpoint
Sep 23 08:27:55 frankrizzo kernel: pci 0000:09:00.1: BAR 0 [mem 0xfcda0000-0xfcda3fff]
Sep 23 08:27:55 frankrizzo kernel: pci 0000:09:00.1: PME# supported from D1 D2 D3hot D3cold
Sep 23 08:27:55 frankrizzo kernel: pci 0000:08:00.0: PCI bridge to [bus 09]
Sep 23 08:27:55 frankrizzo kernel: pci 0000:0a:00.0: [1022:148a] type 00 class 0x130000 PCIe Endpoint
Sep 23 08:27:55 frankrizzo kernel: pci 0000:0a:00.0: enabling Extended Tags
Sep 23 08:27:55 frankrizzo kernel: pci 0000:00:07.1: PCI bridge to [bus 0a]
Sep 23 08:27:55 frankrizzo kernel: pci 0000:0b:00.0: [1022:1485] type 00 class 0x130000 PCIe Endpoint
Sep 23 08:27:55 frankrizzo kernel: pci 0000:0b:00.0: enabling Extended Tags
Sep 23 08:27:55 frankrizzo kernel: pci 0000:0b:00.1: [1022:1486] type 00 class 0x108000 PCIe Endpoint
Sep 23 08:27:55 frankrizzo kernel: pci 0000:0b:00.1: BAR 2 [mem 0xfcb00000-0xfcbfffff]
Sep 23 08:27:55 frankrizzo kernel: pci 0000:0b:00.1: BAR 5 [mem 0xfcc00000-0xfcc01fff]
Sep 23 08:27:55 frankrizzo kernel: pci 0000:0b:00.1: enabling Extended Tags
Sep 23 08:27:55 frankrizzo kernel: pci 0000:0b:00.3: [1022:149c] type 00 class 0x0c0330 PCIe Endpoint
Sep 23 08:27:55 frankrizzo kernel: pci 0000:0b:00.3: BAR 0 [mem 0xfca00000-0xfcafffff 64bit]
Sep 23 08:27:55 frankrizzo kernel: pci 0000:0b:00.3: enabling Extended Tags
Sep 23 08:27:55 frankrizzo kernel: pci 0000:0b:00.3: PME# supported from D0 D3hot D3cold
Sep 23 08:27:55 frankrizzo kernel: pci 0000:00:08.1: PCI bridge to [bus 0b]
Sep 23 08:27:55 frankrizzo kernel: ACPI: PCI: Interrupt link LNKA configured for IRQ 0
Sep 23 08:27:55 frankrizzo kernel: ACPI: PCI: Interrupt link LNKB configured for IRQ 0
Sep 23 08:27:55 frankrizzo kernel: ACPI: PCI: Interrupt link LNKC configured for IRQ 0
Sep 23 08:27:55 frankrizzo kernel: ACPI: PCI: Interrupt link LNKD configured for IRQ 0
Sep 23 08:27:55 frankrizzo kernel: ACPI: PCI: Interrupt link LNKE configured for IRQ 0
Sep 23 08:27:55 frankrizzo kernel: ACPI: PCI: Interrupt link LNKF configured for IRQ 0
Sep 23 08:27:55 frankrizzo kernel: ACPI: PCI: Interrupt link LNKG configured for IRQ 0
Sep 23 08:27:55 frankrizzo kernel: ACPI: PCI: Interrupt link LNKH configured for IRQ 0
Sep 23 08:27:55 frankrizzo kernel: iommu: Default domain type: Translated
Sep 23 08:27:55 frankrizzo kernel: iommu: DMA domain TLB invalidation policy: lazy mode
Sep 23 08:27:55 frankrizzo kernel: SCSI subsystem initialized
Sep 23 08:27:55 frankrizzo kernel: libata version 3.00 loaded.
Sep 23 08:27:55 frankrizzo kernel: ACPI: bus type USB registered
Sep 23 08:27:55 frankrizzo kernel: usbcore: registered new interface driver usbfs
Sep 23 08:27:55 frankrizzo kernel: usbcore: registered new interface driver hub
Sep 23 08:27:55 frankrizzo kernel: usbcore: registered new device driver usb
Sep 23 08:27:55 frankrizzo kernel: EDAC MC: Ver: 3.0.0
Sep 23 08:27:55 frankrizzo kernel: efivars: Registered efivars operations
Sep 23 08:27:55 frankrizzo kernel: NetLabel: Initializing
Sep 23 08:27:55 frankrizzo kernel: NetLabel:  domain hash size = 128
Sep 23 08:27:55 frankrizzo kernel: NetLabel:  protocols = UNLABELED CIPSOv4 CALIPSO
Sep 23 08:27:55 frankrizzo kernel: NetLabel:  unlabeled traffic allowed by default
Sep 23 08:27:55 frankrizzo kernel: mctp: management component transport protocol core
Sep 23 08:27:55 frankrizzo kernel: NET: Registered PF_MCTP protocol family
Sep 23 08:27:55 frankrizzo kernel: PCI: Using ACPI for IRQ routing
Sep 23 08:27:55 frankrizzo kernel: PCI: pci_cache_line_size set to 64 bytes
Sep 23 08:27:55 frankrizzo kernel: e820: reserve RAM buffer [mem 0x09d1f000-0x0bffffff]
Sep 23 08:27:55 frankrizzo kernel: e820: reserve RAM buffer [mem 0x0a200000-0x0bffffff]
Sep 23 08:27:55 frankrizzo kernel: e820: reserve RAM buffer [mem 0x0b000000-0x0bffffff]
Sep 23 08:27:55 frankrizzo kernel: e820: reserve RAM buffer [mem 0xc3277000-0xc3ffffff]
Sep 23 08:27:55 frankrizzo kernel: e820: reserve RAM buffer [mem 0xc7d69000-0xc7ffffff]
Sep 23 08:27:55 frankrizzo kernel: e820: reserve RAM buffer [mem 0xc9f0a000-0xcbffffff]
Sep 23 08:27:55 frankrizzo kernel: e820: reserve RAM buffer [mem 0xcd000000-0xcfffffff]
Sep 23 08:27:55 frankrizzo kernel: e820: reserve RAM buffer [mem 0x202f300000-0x202fffffff]
Sep 23 08:27:55 frankrizzo kernel: pci 0000:09:00.0: vgaarb: setting as boot VGA device
Sep 23 08:27:55 frankrizzo kernel: pci 0000:09:00.0: vgaarb: bridge control possible
Sep 23 08:27:55 frankrizzo kernel: pci 0000:09:00.0: vgaarb: VGA device added: decodes=io+mem,owns=io+mem,locks=none
Sep 23 08:27:55 frankrizzo kernel: vgaarb: loaded
Sep 23 08:27:55 frankrizzo kernel: hpet0: at MMIO 0xfed00000, IRQs 2, 8, 0
Sep 23 08:27:55 frankrizzo kernel: hpet0: 3 comparators, 32-bit 14.318180 MHz counter
Sep 23 08:27:55 frankrizzo kernel: clocksource: Switched to clocksource tsc-early
Sep 23 08:27:55 frankrizzo kernel: VFS: Disk quotas dquot_6.6.0
Sep 23 08:27:55 frankrizzo kernel: VFS: Dquot-cache hash table entries: 512 (order 0, 4096 bytes)
Sep 23 08:27:55 frankrizzo kernel: pnp: PnP ACPI init
Sep 23 08:27:55 frankrizzo kernel: system 00:00: [mem 0xf0000000-0xf7ffffff] has been reserved
Sep 23 08:27:55 frankrizzo kernel: system 00:01: [mem 0xfd100000-0xfd1fffff] has been reserved
Sep 23 08:27:55 frankrizzo kernel: system 00:03: [io  0x0290-0x029f] has been reserved
Sep 23 08:27:55 frankrizzo kernel: system 00:03: [io  0x0200-0x021f] has been reserved
Sep 23 08:27:55 frankrizzo kernel: system 00:04: [io  0x04d0-0x04d1] has been reserved
Sep 23 08:27:55 frankrizzo kernel: system 00:04: [io  0x040b] has been reserved
Sep 23 08:27:55 frankrizzo kernel: system 00:04: [io  0x04d6] has been reserved
Sep 23 08:27:55 frankrizzo kernel: system 00:04: [io  0x0c00-0x0c01] has been reserved
Sep 23 08:27:55 frankrizzo kernel: system 00:04: [io  0x0c14] has been reserved
Sep 23 08:27:55 frankrizzo kernel: system 00:04: [io  0x0c50-0x0c51] has been reserved
Sep 23 08:27:55 frankrizzo kernel: system 00:04: [io  0x0c52] has been reserved
Sep 23 08:27:55 frankrizzo kernel: system 00:04: [io  0x0c6c] has been reserved
Sep 23 08:27:55 frankrizzo kernel: system 00:04: [io  0x0c6f] has been reserved
Sep 23 08:27:55 frankrizzo kernel: system 00:04: [io  0x0cd8-0x0cdf] has been reserved
Sep 23 08:27:55 frankrizzo kernel: system 00:04: [io  0x0800-0x089f] has been reserved
Sep 23 08:27:55 frankrizzo kernel: system 00:04: [io  0x0b00-0x0b0f] has been reserved
Sep 23 08:27:55 frankrizzo kernel: system 00:04: [io  0x0b20-0x0b3f] has been reserved
Sep 23 08:27:55 frankrizzo kernel: system 00:04: [io  0x0900-0x090f] has been reserved
Sep 23 08:27:55 frankrizzo kernel: system 00:04: [io  0x0910-0x091f] has been reserved
Sep 23 08:27:55 frankrizzo kernel: system 00:04: [mem 0xfec00000-0xfec00fff] could not be reserved
Sep 23 08:27:55 frankrizzo kernel: system 00:04: [mem 0xfec01000-0xfec01fff] could not be reserved
Sep 23 08:27:55 frankrizzo kernel: system 00:04: [mem 0xfedc0000-0xfedc0fff] has been reserved
Sep 23 08:27:55 frankrizzo kernel: system 00:04: [mem 0xfee00000-0xfee00fff] has been reserved
Sep 23 08:27:55 frankrizzo kernel: system 00:04: [mem 0xfed80000-0xfed8ffff] could not be reserved
Sep 23 08:27:55 frankrizzo kernel: system 00:04: [mem 0xfec10000-0xfec10fff] has been reserved
Sep 23 08:27:55 frankrizzo kernel: system 00:04: [mem 0xff000000-0xffffffff] has been reserved
Sep 23 08:27:55 frankrizzo kernel: pnp: PnP ACPI: found 5 devices
Sep 23 08:27:55 frankrizzo kernel: clocksource: acpi_pm: mask: 0xffffff max_cycles: 0xffffff, max_idle_ns: 2085701024 ns
Sep 23 08:27:55 frankrizzo kernel: NET: Registered PF_INET protocol family
Sep 23 08:27:55 frankrizzo kernel: IP idents hash table entries: 262144 (order: 9, 2097152 bytes, linear)
Sep 23 08:27:55 frankrizzo kernel: tcp_listen_portaddr_hash hash table entries: 65536 (order: 8, 1048576 bytes, linear)
Sep 23 08:27:55 frankrizzo kernel: Table-perturb hash table entries: 65536 (order: 6, 262144 bytes, linear)
Sep 23 08:27:55 frankrizzo kernel: TCP established hash table entries: 524288 (order: 10, 4194304 bytes, linear)
Sep 23 08:27:55 frankrizzo kernel: TCP bind hash table entries: 65536 (order: 9, 2097152 bytes, linear)
Sep 23 08:27:55 frankrizzo kernel: TCP: Hash tables configured (established 524288 bind 65536)
Sep 23 08:27:55 frankrizzo kernel: MPTCP token hash table entries: 65536 (order: 8, 1572864 bytes, linear)
Sep 23 08:27:55 frankrizzo kernel: UDP hash table entries: 65536 (order: 10, 4194304 bytes, linear)
Sep 23 08:27:55 frankrizzo kernel: UDP-Lite hash table entries: 65536 (order: 10, 4194304 bytes, linear)
Sep 23 08:27:55 frankrizzo kernel: NET: Registered PF_UNIX/PF_LOCAL protocol family
Sep 23 08:27:55 frankrizzo kernel: NET: Registered PF_XDP protocol family
Sep 23 08:27:55 frankrizzo kernel: pci 0000:00:01.1: PCI bridge to [bus 01]
Sep 23 08:27:55 frankrizzo kernel: pci 0000:00:01.1:   bridge window [mem 0xfcf00000-0xfcffffff]
Sep 23 08:27:55 frankrizzo kernel: pci 0000:03:00.0: PCI bridge to [bus 04]
Sep 23 08:27:55 frankrizzo kernel: pci 0000:03:08.0: PCI bridge to [bus 05]
Sep 23 08:27:55 frankrizzo kernel: pci 0000:03:08.0:   bridge window [mem 0xfc800000-0xfc8fffff]
Sep 23 08:27:55 frankrizzo kernel: pci 0000:03:09.0: PCI bridge to [bus 06]
Sep 23 08:27:55 frankrizzo kernel: pci 0000:03:09.0:   bridge window [mem 0xfc600000-0xfc7fffff]
Sep 23 08:27:55 frankrizzo kernel: pci 0000:02:00.2: PCI bridge to [bus 03-06]
Sep 23 08:27:55 frankrizzo kernel: pci 0000:02:00.2:   bridge window [mem 0xfc600000-0xfc8fffff]
Sep 23 08:27:55 frankrizzo kernel: pci 0000:00:01.2: PCI bridge to [bus 02-06]
Sep 23 08:27:55 frankrizzo kernel: pci 0000:00:01.2:   bridge window [mem 0xfc600000-0xfc9fffff]
Sep 23 08:27:55 frankrizzo kernel: pci 0000:08:00.0: PCI bridge to [bus 09]
Sep 23 08:27:55 frankrizzo kernel: pci 0000:08:00.0:   bridge window [io  0xf000-0xffff]
Sep 23 08:27:55 frankrizzo kernel: pci 0000:08:00.0:   bridge window [mem 0xfcd00000-0xfcdfffff]
Sep 23 08:27:55 frankrizzo kernel: pci 0000:08:00.0:   bridge window [mem 0xd0000000-0xe01fffff 64bit pref]
Sep 23 08:27:55 frankrizzo kernel: pci 0000:07:00.0: PCI bridge to [bus 08-09]
Sep 23 08:27:55 frankrizzo kernel: pci 0000:07:00.0:   bridge window [io  0xf000-0xffff]
Sep 23 08:27:55 frankrizzo kernel: pci 0000:07:00.0:   bridge window [mem 0xfcd00000-0xfcdfffff]
Sep 23 08:27:55 frankrizzo kernel: pci 0000:07:00.0:   bridge window [mem 0xd0000000-0xe01fffff 64bit pref]
Sep 23 08:27:55 frankrizzo kernel: pci 0000:00:03.1: PCI bridge to [bus 07-09]
Sep 23 08:27:55 frankrizzo kernel: pci 0000:00:03.1:   bridge window [io  0xf000-0xffff]
Sep 23 08:27:55 frankrizzo kernel: pci 0000:00:03.1:   bridge window [mem 0xfcd00000-0xfcefffff]
Sep 23 08:27:55 frankrizzo kernel: pci 0000:00:03.1:   bridge window [mem 0xd0000000-0xe01fffff 64bit pref]
Sep 23 08:27:55 frankrizzo kernel: pci 0000:00:07.1: PCI bridge to [bus 0a]
Sep 23 08:27:55 frankrizzo kernel: pci 0000:00:08.1: PCI bridge to [bus 0b]
Sep 23 08:27:55 frankrizzo kernel: pci 0000:00:08.1:   bridge window [mem 0xfca00000-0xfccfffff]
Sep 23 08:27:55 frankrizzo kernel: pci_bus 0000:00: resource 4 [io  0x0000-0x03af window]
Sep 23 08:27:55 frankrizzo kernel: pci_bus 0000:00: resource 5 [io  0x03e0-0x0cf7 window]
Sep 23 08:27:55 frankrizzo kernel: pci_bus 0000:00: resource 6 [io  0x03b0-0x03df window]
Sep 23 08:27:55 frankrizzo kernel: pci_bus 0000:00: resource 7 [io  0x0d00-0xffff window]
Sep 23 08:27:55 frankrizzo kernel: pci_bus 0000:00: resource 8 [mem 0x000a0000-0x000dffff window]
Sep 23 08:27:55 frankrizzo kernel: pci_bus 0000:00: resource 9 [mem 0xd0000000-0xfec2ffff window]
Sep 23 08:27:55 frankrizzo kernel: pci_bus 0000:00: resource 10 [mem 0xfee00000-0xffffffff window]
Sep 23 08:27:55 frankrizzo kernel: pci_bus 0000:01: resource 1 [mem 0xfcf00000-0xfcffffff]
Sep 23 08:27:55 frankrizzo kernel: pci_bus 0000:02: resource 1 [mem 0xfc600000-0xfc9fffff]
Sep 23 08:27:55 frankrizzo kernel: pci_bus 0000:03: resource 1 [mem 0xfc600000-0xfc8fffff]
Sep 23 08:27:55 frankrizzo kernel: pci_bus 0000:05: resource 1 [mem 0xfc800000-0xfc8fffff]
Sep 23 08:27:55 frankrizzo kernel: pci_bus 0000:06: resource 1 [mem 0xfc600000-0xfc7fffff]
Sep 23 08:27:55 frankrizzo kernel: pci_bus 0000:07: resource 0 [io  0xf000-0xffff]
Sep 23 08:27:55 frankrizzo kernel: pci_bus 0000:07: resource 1 [mem 0xfcd00000-0xfcefffff]
Sep 23 08:27:55 frankrizzo kernel: pci_bus 0000:07: resource 2 [mem 0xd0000000-0xe01fffff 64bit pref]
Sep 23 08:27:55 frankrizzo kernel: pci_bus 0000:08: resource 0 [io  0xf000-0xffff]
Sep 23 08:27:55 frankrizzo kernel: pci_bus 0000:08: resource 1 [mem 0xfcd00000-0xfcdfffff]
Sep 23 08:27:55 frankrizzo kernel: pci_bus 0000:08: resource 2 [mem 0xd0000000-0xe01fffff 64bit pref]
Sep 23 08:27:55 frankrizzo kernel: pci_bus 0000:09: resource 0 [io  0xf000-0xffff]
Sep 23 08:27:55 frankrizzo kernel: pci_bus 0000:09: resource 1 [mem 0xfcd00000-0xfcdfffff]
Sep 23 08:27:55 frankrizzo kernel: pci_bus 0000:09: resource 2 [mem 0xd0000000-0xe01fffff 64bit pref]
Sep 23 08:27:55 frankrizzo kernel: pci_bus 0000:0b: resource 1 [mem 0xfca00000-0xfccfffff]
Sep 23 08:27:55 frankrizzo kernel: pci 0000:09:00.1: D0 power state depends on 0000:09:00.0
Sep 23 08:27:55 frankrizzo kernel: PCI: CLS 64 bytes, default 64
Sep 23 08:27:55 frankrizzo kernel: pci 0000:00:00.2: AMD-Vi: IOMMU performance counters supported
Sep 23 08:27:55 frankrizzo kernel: Trying to unpack rootfs image as initramfs...
Sep 23 08:27:55 frankrizzo kernel: pci 0000:00:00.0: Adding to iommu group 0
Sep 23 08:27:55 frankrizzo kernel: pci 0000:00:01.0: Adding to iommu group 1
Sep 23 08:27:55 frankrizzo kernel: pci 0000:00:01.1: Adding to iommu group 2
Sep 23 08:27:55 frankrizzo kernel: pci 0000:00:01.2: Adding to iommu group 3
Sep 23 08:27:55 frankrizzo kernel: pci 0000:00:02.0: Adding to iommu group 4
Sep 23 08:27:55 frankrizzo kernel: pci 0000:00:03.0: Adding to iommu group 5
Sep 23 08:27:55 frankrizzo kernel: pci 0000:00:03.1: Adding to iommu group 6
Sep 23 08:27:55 frankrizzo kernel: pci 0000:00:04.0: Adding to iommu group 7
Sep 23 08:27:55 frankrizzo kernel: pci 0000:00:05.0: Adding to iommu group 8
Sep 23 08:27:55 frankrizzo kernel: pci 0000:00:07.0: Adding to iommu group 9
Sep 23 08:27:55 frankrizzo kernel: pci 0000:00:07.1: Adding to iommu group 10
Sep 23 08:27:55 frankrizzo kernel: pci 0000:00:08.0: Adding to iommu group 11
Sep 23 08:27:55 frankrizzo kernel: pci 0000:00:08.1: Adding to iommu group 12
Sep 23 08:27:55 frankrizzo kernel: pci 0000:00:14.0: Adding to iommu group 13
Sep 23 08:27:55 frankrizzo kernel: pci 0000:00:14.3: Adding to iommu group 13
Sep 23 08:27:55 frankrizzo kernel: pci 0000:00:18.0: Adding to iommu group 14
Sep 23 08:27:55 frankrizzo kernel: pci 0000:00:18.1: Adding to iommu group 14
Sep 23 08:27:55 frankrizzo kernel: pci 0000:00:18.2: Adding to iommu group 14
Sep 23 08:27:55 frankrizzo kernel: pci 0000:00:18.3: Adding to iommu group 14
Sep 23 08:27:55 frankrizzo kernel: pci 0000:00:18.4: Adding to iommu group 14
Sep 23 08:27:55 frankrizzo kernel: pci 0000:00:18.5: Adding to iommu group 14
Sep 23 08:27:55 frankrizzo kernel: pci 0000:00:18.6: Adding to iommu group 14
Sep 23 08:27:55 frankrizzo kernel: pci 0000:00:18.7: Adding to iommu group 14
Sep 23 08:27:55 frankrizzo kernel: pci 0000:01:00.0: Adding to iommu group 15
Sep 23 08:27:55 frankrizzo kernel: pci 0000:02:00.0: Adding to iommu group 16
Sep 23 08:27:55 frankrizzo kernel: pci 0000:02:00.2: Adding to iommu group 16
Sep 23 08:27:55 frankrizzo kernel: pci 0000:03:00.0: Adding to iommu group 16
Sep 23 08:27:55 frankrizzo kernel: pci 0000:03:08.0: Adding to iommu group 16
Sep 23 08:27:55 frankrizzo kernel: pci 0000:03:09.0: Adding to iommu group 16
Sep 23 08:27:55 frankrizzo kernel: pci 0000:05:00.0: Adding to iommu group 16
Sep 23 08:27:55 frankrizzo kernel: pci 0000:06:00.0: Adding to iommu group 16
Sep 23 08:27:55 frankrizzo kernel: pci 0000:07:00.0: Adding to iommu group 17
Sep 23 08:27:55 frankrizzo kernel: pci 0000:08:00.0: Adding to iommu group 18
Sep 23 08:27:55 frankrizzo kernel: pci 0000:09:00.0: Adding to iommu group 19
Sep 23 08:27:55 frankrizzo kernel: pci 0000:09:00.1: Adding to iommu group 20
Sep 23 08:27:55 frankrizzo kernel: pci 0000:0a:00.0: Adding to iommu group 21
Sep 23 08:27:55 frankrizzo kernel: pci 0000:0b:00.0: Adding to iommu group 22
Sep 23 08:27:55 frankrizzo kernel: pci 0000:0b:00.1: Adding to iommu group 23
Sep 23 08:27:55 frankrizzo kernel: pci 0000:0b:00.3: Adding to iommu group 24
Sep 23 08:27:55 frankrizzo kernel: AMD-Vi: Extended features (0x58f77ef22294a5a, 0x0): PPR NX GT IA PC GA_vAPIC
Sep 23 08:27:55 frankrizzo kernel: AMD-Vi: Interrupt remapping enabled
Sep 23 08:27:55 frankrizzo kernel: PCI-DMA: Using software bounce buffering for IO (SWIOTLB)
Sep 23 08:27:55 frankrizzo kernel: software IO TLB: mapped [mem 0x00000000b6cf4000-0x00000000bacf4000] (64MB)
Sep 23 08:27:55 frankrizzo kernel: LVT offset 0 assigned for vector 0x400
Sep 23 08:27:55 frankrizzo kernel: perf: AMD IBS detected (0x000003ff)
Sep 23 08:27:55 frankrizzo kernel: perf/amd_iommu: Detected AMD IOMMU #0 (2 banks, 4 counters/bank).
Sep 23 08:27:55 frankrizzo kernel: Initialise system trusted keyrings
Sep 23 08:27:55 frankrizzo kernel: Key type blacklist registered
Sep 23 08:27:55 frankrizzo kernel: workingset: timestamp_bits=36 max_order=25 bucket_order=0
Sep 23 08:27:55 frankrizzo kernel: fuse: init (API version 7.44)
Sep 23 08:27:55 frankrizzo kernel: integrity: Platform Keyring initialized
Sep 23 08:27:55 frankrizzo kernel: integrity: Machine keyring initialized
Sep 23 08:27:55 frankrizzo kernel: xor: automatically using best checksumming function   avx       
Sep 23 08:27:55 frankrizzo kernel: Key type asymmetric registered
Sep 23 08:27:55 frankrizzo kernel: Asymmetric key parser 'x509' registered
Sep 23 08:27:55 frankrizzo kernel: Block layer SCSI generic (bsg) driver version 0.4 loaded (major 246)
Sep 23 08:27:55 frankrizzo kernel: io scheduler mq-deadline registered
Sep 23 08:27:55 frankrizzo kernel: io scheduler kyber registered
Sep 23 08:27:55 frankrizzo kernel: io scheduler bfq registered
Sep 23 08:27:55 frankrizzo kernel: ledtrig-cpu: registered to indicate activity on CPUs
Sep 23 08:27:55 frankrizzo kernel: pcieport 0000:00:07.1: AER: enabled with IRQ 30
Sep 23 08:27:55 frankrizzo kernel: pcieport 0000:00:08.1: AER: enabled with IRQ 31
Sep 23 08:27:55 frankrizzo kernel: input: Power Button as /devices/LNXSYSTM:00/LNXSYBUS:00/PNP0C0C:00/input/input0
Sep 23 08:27:55 frankrizzo kernel: ACPI: button: Power Button [PWRB]
Sep 23 08:27:55 frankrizzo kernel: input: Power Button as /devices/LNXSYSTM:00/LNXPWRBN:00/input/input1
Sep 23 08:27:55 frankrizzo kernel: ACPI: button: Power Button [PWRF]
Sep 23 08:27:55 frankrizzo kernel: Monitor-Mwait will be used to enter C-1 state
Sep 23 08:27:55 frankrizzo kernel: Estimated ratio of average max frequency by base frequency (times 1024): 1277
Sep 23 08:27:55 frankrizzo kernel: Serial: 8250/16550 driver, 32 ports, IRQ sharing enabled
Sep 23 08:27:55 frankrizzo kernel: serial8250: ttyS0 at I/O 0x3f8 (irq = 4, base_baud = 115200) is a 16550A
Sep 23 08:27:55 frankrizzo kernel: Non-volatile memory driver v1.3
Sep 23 08:27:55 frankrizzo kernel: Linux agpgart interface v0.103
Sep 23 08:27:55 frankrizzo kernel: Freeing initrd memory: 43628K
Sep 23 08:27:55 frankrizzo kernel: tpm_crb MSFT0101:00: Disabling hwrng
Sep 23 08:27:55 frankrizzo kernel: ACPI: bus type drm_connector registered
Sep 23 08:27:55 frankrizzo kernel: xhci_hcd 0000:02:00.0: xHCI Host Controller
Sep 23 08:27:55 frankrizzo kernel: xhci_hcd 0000:02:00.0: new USB bus registered, assigned bus number 1
Sep 23 08:27:55 frankrizzo kernel: xhci_hcd 0000:02:00.0: hcc params 0x0200ef81 hci version 0x110 quirks 0x0000000000000010
Sep 23 08:27:55 frankrizzo kernel: xhci_hcd 0000:02:00.0: xHCI Host Controller
Sep 23 08:27:55 frankrizzo kernel: xhci_hcd 0000:02:00.0: new USB bus registered, assigned bus number 2
Sep 23 08:27:55 frankrizzo kernel: xhci_hcd 0000:02:00.0: Host supports USB 3.1 Enhanced SuperSpeed
Sep 23 08:27:55 frankrizzo kernel: usb usb1: New USB device found, idVendor=1d6b, idProduct=0002, bcdDevice= 6.16
Sep 23 08:27:55 frankrizzo kernel: usb usb1: New USB device strings: Mfr=3, Product=2, SerialNumber=1
Sep 23 08:27:55 frankrizzo kernel: usb usb1: Product: xHCI Host Controller
Sep 23 08:27:55 frankrizzo kernel: usb usb1: Manufacturer: Linux 6.16.8-arch2-1 xhci-hcd
Sep 23 08:27:55 frankrizzo kernel: usb usb1: SerialNumber: 0000:02:00.0
Sep 23 08:27:55 frankrizzo kernel: hub 1-0:1.0: USB hub found
Sep 23 08:27:55 frankrizzo kernel: hub 1-0:1.0: 10 ports detected
Sep 23 08:27:55 frankrizzo kernel: usb usb2: We don't know the algorithms for LPM for this host, disabling LPM.
Sep 23 08:27:55 frankrizzo kernel: usb usb2: New USB device found, idVendor=1d6b, idProduct=0003, bcdDevice= 6.16
Sep 23 08:27:55 frankrizzo kernel: usb usb2: New USB device strings: Mfr=3, Product=2, SerialNumber=1
Sep 23 08:27:55 frankrizzo kernel: usb usb2: Product: xHCI Host Controller
Sep 23 08:27:55 frankrizzo kernel: usb usb2: Manufacturer: Linux 6.16.8-arch2-1 xhci-hcd
Sep 23 08:27:55 frankrizzo kernel: usb usb2: SerialNumber: 0000:02:00.0
Sep 23 08:27:55 frankrizzo kernel: hub 2-0:1.0: USB hub found
Sep 23 08:27:55 frankrizzo kernel: hub 2-0:1.0: 4 ports detected
Sep 23 08:27:55 frankrizzo kernel: xhci_hcd 0000:0b:00.3: xHCI Host Controller
Sep 23 08:27:55 frankrizzo kernel: xhci_hcd 0000:0b:00.3: new USB bus registered, assigned bus number 3
Sep 23 08:27:55 frankrizzo kernel: xhci_hcd 0000:0b:00.3: hcc params 0x0278ffe5 hci version 0x110 quirks 0x0000000000000010
Sep 23 08:27:55 frankrizzo kernel: xhci_hcd 0000:0b:00.3: xHCI Host Controller
Sep 23 08:27:55 frankrizzo kernel: xhci_hcd 0000:0b:00.3: new USB bus registered, assigned bus number 4
Sep 23 08:27:55 frankrizzo kernel: xhci_hcd 0000:0b:00.3: Host supports USB 3.1 Enhanced SuperSpeed
Sep 23 08:27:55 frankrizzo kernel: usb usb3: New USB device found, idVendor=1d6b, idProduct=0002, bcdDevice= 6.16
Sep 23 08:27:55 frankrizzo kernel: usb usb3: New USB device strings: Mfr=3, Product=2, SerialNumber=1
Sep 23 08:27:55 frankrizzo kernel: usb usb3: Product: xHCI Host Controller
Sep 23 08:27:55 frankrizzo kernel: usb usb3: Manufacturer: Linux 6.16.8-arch2-1 xhci-hcd
Sep 23 08:27:55 frankrizzo kernel: usb usb3: SerialNumber: 0000:0b:00.3
Sep 23 08:27:55 frankrizzo kernel: hub 3-0:1.0: USB hub found
Sep 23 08:27:55 frankrizzo kernel: hub 3-0:1.0: 4 ports detected
Sep 23 08:27:55 frankrizzo kernel: usb usb4: We don't know the algorithms for LPM for this host, disabling LPM.
Sep 23 08:27:55 frankrizzo kernel: usb usb4: New USB device found, idVendor=1d6b, idProduct=0003, bcdDevice= 6.16
Sep 23 08:27:55 frankrizzo kernel: usb usb4: New USB device strings: Mfr=3, Product=2, SerialNumber=1
Sep 23 08:27:55 frankrizzo kernel: usb usb4: Product: xHCI Host Controller
Sep 23 08:27:55 frankrizzo kernel: usb usb4: Manufacturer: Linux 6.16.8-arch2-1 xhci-hcd
Sep 23 08:27:55 frankrizzo kernel: usb usb4: SerialNumber: 0000:0b:00.3
Sep 23 08:27:55 frankrizzo kernel: hub 4-0:1.0: USB hub found
Sep 23 08:27:55 frankrizzo kernel: hub 4-0:1.0: 4 ports detected
Sep 23 08:27:55 frankrizzo kernel: usbcore: registered new interface driver usbserial_generic
Sep 23 08:27:55 frankrizzo kernel: usbserial: USB Serial support registered for generic
Sep 23 08:27:55 frankrizzo kernel: i8042: PNP: No PS/2 controller found.
Sep 23 08:27:55 frankrizzo kernel: rtc_cmos 00:02: RTC can wake from S4
Sep 23 08:27:55 frankrizzo kernel: rtc_cmos 00:02: registered as rtc0
Sep 23 08:27:55 frankrizzo kernel: rtc_cmos 00:02: setting system clock to 2025-09-23T13:27:50 UTC (1758634070)
Sep 23 08:27:55 frankrizzo kernel: rtc_cmos 00:02: alarms up to one month, y3k, 114 bytes nvram
Sep 23 08:27:55 frankrizzo kernel: simple-framebuffer simple-framebuffer.0: [drm] Registered 1 planes with drm panic
Sep 23 08:27:55 frankrizzo kernel: [drm] Initialized simpledrm 1.0.0 for simple-framebuffer.0 on minor 0
Sep 23 08:27:55 frankrizzo kernel: fbcon: Deferring console take-over
Sep 23 08:27:55 frankrizzo kernel: simple-framebuffer simple-framebuffer.0: [drm] fb0: simpledrmdrmfb frame buffer device
Sep 23 08:27:55 frankrizzo kernel: hid: raw HID events driver (C) Jiri Kosina
Sep 23 08:27:55 frankrizzo kernel: usbcore: registered new interface driver usbhid
Sep 23 08:27:55 frankrizzo kernel: usbhid: USB HID core driver
Sep 23 08:27:55 frankrizzo kernel: drop_monitor: Initializing network drop monitor service
Sep 23 08:27:55 frankrizzo kernel: NET: Registered PF_INET6 protocol family
Sep 23 08:27:55 frankrizzo kernel: Segment Routing with IPv6
Sep 23 08:27:55 frankrizzo kernel: RPL Segment Routing with IPv6
Sep 23 08:27:55 frankrizzo kernel: In-situ OAM (IOAM) with IPv6
Sep 23 08:27:55 frankrizzo kernel: NET: Registered PF_PACKET protocol family
Sep 23 08:27:55 frankrizzo kernel: x86/amd: Previous system reset reason [0x00080800]: software wrote 0x6 to reset control register 0xCF9
Sep 23 08:27:55 frankrizzo kernel: microcode: Current revision: 0x0a201213
Sep 23 08:27:55 frankrizzo kernel: resctrl: L3 allocation detected
Sep 23 08:27:55 frankrizzo kernel: resctrl: MB allocation detected
Sep 23 08:27:55 frankrizzo kernel: resctrl: L3 monitoring detected
Sep 23 08:27:55 frankrizzo kernel: IPI shorthand broadcast: enabled
Sep 23 08:27:55 frankrizzo kernel: sched_clock: Marking stable (1065070058, 167262278)->(3191958975, -1959626639)
Sep 23 08:27:55 frankrizzo kernel: registered taskstats version 1
Sep 23 08:27:55 frankrizzo kernel: Loading compiled-in X.509 certificates
Sep 23 08:27:55 frankrizzo kernel: Loaded X.509 cert 'Build time autogenerated kernel key: 5aa673c38654efe8f45dc5ba62eeec5476b16ad7'
Sep 23 08:27:55 frankrizzo kernel: zswap: loaded using pool zstd/zsmalloc
Sep 23 08:27:55 frankrizzo kernel: Demotion targets for Node 0: null
Sep 23 08:27:55 frankrizzo kernel: Key type .fscrypt registered
Sep 23 08:27:55 frankrizzo kernel: Key type fscrypt-provisioning registered
Sep 23 08:27:55 frankrizzo kernel: Btrfs loaded, zoned=yes, fsverity=yes
Sep 23 08:27:55 frankrizzo kernel: Key type big_key registered
Sep 23 08:27:55 frankrizzo kernel: integrity: Loading X.509 certificate: UEFI:db
Sep 23 08:27:55 frankrizzo kernel: integrity: Loaded X.509 cert 'ASUSTeK MotherBoard SW Key Certificate: da83b990422ebc8c441f8d8b039a65a2'
Sep 23 08:27:55 frankrizzo kernel: integrity: Loading X.509 certificate: UEFI:db
Sep 23 08:27:55 frankrizzo kernel: integrity: Loaded X.509 cert 'ASUSTeK Notebook SW Key Certificate: b8e581e4df77a5bb4282d5ccfc00c071'
Sep 23 08:27:55 frankrizzo kernel: integrity: Loading X.509 certificate: UEFI:db
Sep 23 08:27:55 frankrizzo kernel: integrity: Loaded X.509 cert 'Microsoft Corporation UEFI CA 2011: 13adbf4309bd82709c8cd54f316ed522988a1bd4'
Sep 23 08:27:55 frankrizzo kernel: integrity: Loading X.509 certificate: UEFI:db
Sep 23 08:27:55 frankrizzo kernel: integrity: Loaded X.509 cert 'Microsoft Windows Production PCA 2011: a92902398e16c49778cd90f99e4f9ae17c55af53'
Sep 23 08:27:55 frankrizzo kernel: integrity: Loading X.509 certificate: UEFI:db
Sep 23 08:27:55 frankrizzo kernel: integrity: Loaded X.509 cert 'Canonical Ltd. Master Certificate Authority: ad91990bc22ab1f517048c23b6655a268e345a63'
Sep 23 08:27:55 frankrizzo kernel: PM:   Magic number: 9:53:484
Sep 23 08:27:55 frankrizzo kernel: RAS: Correctable Errors collector initialized.
Sep 23 08:27:55 frankrizzo kernel: clk: Disabling unused clocks
Sep 23 08:27:55 frankrizzo kernel: PM: genpd: Disabling unused power domains
Sep 23 08:27:55 frankrizzo kernel: Freeing unused decrypted memory: 2028K
Sep 23 08:27:55 frankrizzo kernel: Freeing unused kernel image (initmem) memory: 4664K
Sep 23 08:27:55 frankrizzo kernel: Write protecting the kernel read-only data: 38912k
Sep 23 08:27:55 frankrizzo kernel: Freeing unused kernel image (text/rodata gap) memory: 608K
Sep 23 08:27:55 frankrizzo kernel: Freeing unused kernel image (rodata/data gap) memory: 1760K
Sep 23 08:27:55 frankrizzo kernel: x86/mm: Checked W+X mappings: passed, no W+X pages found.
Sep 23 08:27:55 frankrizzo kernel: rodata_test: all tests were successful
Sep 23 08:27:55 frankrizzo kernel: Run /init as init process
Sep 23 08:27:55 frankrizzo kernel:   with arguments:
Sep 23 08:27:55 frankrizzo kernel:     /init
Sep 23 08:27:55 frankrizzo kernel:     splash
Sep 23 08:27:55 frankrizzo kernel:   with environment:
Sep 23 08:27:55 frankrizzo kernel:     HOME=/
Sep 23 08:27:55 frankrizzo kernel:     TERM=linux
Sep 23 08:27:55 frankrizzo kernel: usb 3-3: new high-speed USB device number 2 using xhci_hcd
Sep 23 08:27:55 frankrizzo kernel: usb 1-1: new full-speed USB device number 2 using xhci_hcd
Sep 23 08:27:55 frankrizzo kernel: usb 3-3: New USB device found, idVendor=2109, idProduct=2817, bcdDevice= 6.63
Sep 23 08:27:55 frankrizzo kernel: usb 3-3: New USB device strings: Mfr=1, Product=2, SerialNumber=3
Sep 23 08:27:55 frankrizzo kernel: usb 3-3: Product: USB2.0 Hub             
Sep 23 08:27:55 frankrizzo kernel: usb 3-3: Manufacturer: VIA Labs, Inc.         
Sep 23 08:27:55 frankrizzo kernel: usb 3-3: SerialNumber: 000000000
Sep 23 08:27:55 frankrizzo kernel: hub 3-3:1.0: USB hub found
Sep 23 08:27:55 frankrizzo kernel: hub 3-3:1.0: 4 ports detected
Sep 23 08:27:55 frankrizzo kernel: Key type psk registered
Sep 23 08:27:55 frankrizzo kernel: nvme nvme0: pci function 0000:01:00.0
Sep 23 08:27:55 frankrizzo kernel: usb 4-2: new SuperSpeed USB device number 2 using xhci_hcd
Sep 23 08:27:55 frankrizzo kernel: usb 4-2: LPM exit latency is zeroed, disabling LPM.
Sep 23 08:27:55 frankrizzo kernel: usb 4-2: config 1 interface 2 altsetting 0 endpoint 0x89 has an invalid bInterval 81, changing to 10
Sep 23 08:27:55 frankrizzo kernel: usb 4-2: New USB device found, idVendor=0fd9, idProduct=0078, bcdDevice= 4.09
Sep 23 08:27:55 frankrizzo kernel: usb 4-2: New USB device strings: Mfr=1, Product=2, SerialNumber=11
Sep 23 08:27:55 frankrizzo kernel: usb 4-2: Product: Elgato Facecam
Sep 23 08:27:55 frankrizzo kernel: usb 4-2: Manufacturer: Elgato
Sep 23 08:27:55 frankrizzo kernel: usb 4-2: SerialNumber: FW19L1A08516
Sep 23 08:27:55 frankrizzo kernel: nvme nvme0: allocated 128 MiB host memory buffer (1 segment).
Sep 23 08:27:55 frankrizzo kernel: nvme nvme0: 32/0/0 default/read/poll queues
Sep 23 08:27:55 frankrizzo kernel:  nvme0n1: p1 p2
Sep 23 08:27:55 frankrizzo kernel: hid-generic 0003:0FD9:0078.0001: hiddev96,hidraw0: USB HID v1.01 Device [Elgato Elgato Facecam] on usb-0000:0b:00.3-2/input2
Sep 23 08:27:55 frankrizzo kernel: usb 1-1: New USB device found, idVendor=3434, idProduct=02a0, bcdDevice= 1.00
Sep 23 08:27:55 frankrizzo kernel: usb 1-1: New USB device strings: Mfr=1, Product=2, SerialNumber=0
Sep 23 08:27:55 frankrizzo kernel: usb 1-1: Product: Keychron K10 Pro
Sep 23 08:27:55 frankrizzo kernel: usb 1-1: Manufacturer: Keychron
Sep 23 08:27:55 frankrizzo kernel: input: Keychron Keychron K10 Pro as /devices/pci0000:00/0000:00:01.2/0000:02:00.0/usb1/1-1/1-1:1.0/0003:3434:02A0.0002/input/input2
Sep 23 08:27:55 frankrizzo kernel: usb 4-3: new SuperSpeed USB device number 3 using xhci_hcd
Sep 23 08:27:55 frankrizzo kernel: usb 4-3: New USB device found, idVendor=2109, idProduct=0817, bcdDevice= 6.63
Sep 23 08:27:55 frankrizzo kernel: usb 4-3: New USB device strings: Mfr=1, Product=2, SerialNumber=3
Sep 23 08:27:55 frankrizzo kernel: usb 4-3: Product: USB3.0 Hub             
Sep 23 08:27:55 frankrizzo kernel: usb 4-3: Manufacturer: VIA Labs, Inc.         
Sep 23 08:27:55 frankrizzo kernel: usb 4-3: SerialNumber: 000000000
Sep 23 08:27:55 frankrizzo kernel: hub 4-3:1.0: USB hub found
Sep 23 08:27:55 frankrizzo kernel: hub 4-3:1.0: 4 ports detected
Sep 23 08:27:55 frankrizzo kernel: tsc: Refined TSC clocksource calibration: 3393.625 MHz
Sep 23 08:27:55 frankrizzo kernel: clocksource: tsc: mask: 0xffffffffffffffff max_cycles: 0x30eac89f71e, max_idle_ns: 440795373609 ns
Sep 23 08:27:55 frankrizzo kernel: clocksource: Switched to clocksource tsc
Sep 23 08:27:55 frankrizzo kernel: usb 3-4: new full-speed USB device number 3 using xhci_hcd
Sep 23 08:27:55 frankrizzo kernel: usb 3-4: New USB device found, idVendor=0fd9, idProduct=0070, bcdDevice= 1.22
Sep 23 08:27:55 frankrizzo kernel: usb 3-4: New USB device strings: Mfr=1, Product=2, SerialNumber=3
Sep 23 08:27:55 frankrizzo kernel: usb 3-4: Product: Elgato Wave:3
Sep 23 08:27:55 frankrizzo kernel: usb 3-4: Manufacturer: Elgato Systems
Sep 23 08:27:55 frankrizzo kernel: usb 3-4: SerialNumber: BS32M1A00420
Sep 23 08:27:55 frankrizzo kernel: usb 3-3.1: new full-speed USB device number 4 using xhci_hcd
Sep 23 08:27:55 frankrizzo kernel: hid-generic 0003:3434:02A0.0002: input,hidraw1: USB HID v1.11 Keyboard [Keychron Keychron K10 Pro] on usb-0000:02:00.0-1/input0
Sep 23 08:27:55 frankrizzo kernel: hid-generic 0003:3434:02A0.0003: hiddev97,hidraw2: USB HID v1.11 Device [Keychron Keychron K10 Pro] on usb-0000:02:00.0-1/input1
Sep 23 08:27:55 frankrizzo kernel: input: Keychron Keychron K10 Pro Mouse as /devices/pci0000:00/0000:00:01.2/0000:02:00.0/usb1/1-1/1-1:1.2/0003:3434:02A0.0004/input/input3
Sep 23 08:27:55 frankrizzo kernel: input: Keychron Keychron K10 Pro System Control as /devices/pci0000:00/0000:00:01.2/0000:02:00.0/usb1/1-1/1-1:1.2/0003:3434:02A0.0004/input/input4
Sep 23 08:27:55 frankrizzo kernel: input: Keychron Keychron K10 Pro Consumer Control as /devices/pci0000:00/0000:00:01.2/0000:02:00.0/usb1/1-1/1-1:1.2/0003:3434:02A0.0004/input/input5
Sep 23 08:27:55 frankrizzo kernel: input: Keychron Keychron K10 Pro Keyboard as /devices/pci0000:00/0000:00:01.2/0000:02:00.0/usb1/1-1/1-1:1.2/0003:3434:02A0.0004/input/input6
Sep 23 08:27:55 frankrizzo kernel: usb 3-3.1: New USB device found, idVendor=046d, idProduct=c08f, bcdDevice=45.01
Sep 23 08:27:55 frankrizzo kernel: usb 3-3.1: New USB device strings: Mfr=1, Product=2, SerialNumber=3
Sep 23 08:27:55 frankrizzo kernel: usb 3-3.1: Product: G403 HERO Gaming Mouse
Sep 23 08:27:55 frankrizzo kernel: usb 3-3.1: Manufacturer: Logitech
Sep 23 08:27:55 frankrizzo kernel: usb 3-3.1: SerialNumber: 126C34523236
Sep 23 08:27:55 frankrizzo kernel: input: Logitech G403 HERO Gaming Mouse as /devices/pci0000:00/0000:00:08.1/0000:0b:00.3/usb3/3-3/3-3.1/3-3.1:1.0/0003:046D:C08F.0005/input/input7
Sep 23 08:27:55 frankrizzo kernel: hid-generic 0003:3434:02A0.0004: input,hidraw3: USB HID v1.11 Mouse [Keychron Keychron K10 Pro] on usb-0000:02:00.0-1/input2
Sep 23 08:27:55 frankrizzo kernel: hid-generic 0003:046D:C08F.0005: input,hidraw4: USB HID v1.11 Mouse [Logitech G403 HERO Gaming Mouse] on usb-0000:0b:00.3-3.1/input0
Sep 23 08:27:55 frankrizzo kernel: input: Logitech G403 HERO Gaming Mouse Keyboard as /devices/pci0000:00/0000:00:08.1/0000:0b:00.3/usb3/3-3/3-3.1/3-3.1:1.1/0003:046D:C08F.0006/input/input8
Sep 23 08:27:55 frankrizzo kernel: hid-generic 0003:046D:C08F.0006: input,hiddev98,hidraw5: USB HID v1.11 Keyboard [Logitech G403 HERO Gaming Mouse] on usb-0000:0b:00.3-3.1/input1
Sep 23 08:27:55 frankrizzo kernel: usb 1-5: new full-speed USB device number 3 using xhci_hcd
Sep 23 08:27:55 frankrizzo kernel: usb 3-3.3: new full-speed USB device number 5 using xhci_hcd
Sep 23 08:27:55 frankrizzo kernel: [drm] amdgpu kernel modesetting enabled.
Sep 23 08:27:55 frankrizzo kernel: amdgpu: Virtual CRAT table created for CPU
Sep 23 08:27:55 frankrizzo kernel: amdgpu: Topology: Add CPU node
Sep 23 08:27:55 frankrizzo kernel: [drm] initializing kernel modesetting (IP DISCOVERY 0x1002:0x7550 0x1849:0x5401 0xC0).
Sep 23 08:27:55 frankrizzo kernel: [drm] register mmio base: 0xFCD00000
Sep 23 08:27:55 frankrizzo kernel: [drm] register mmio size: 524288
Sep 23 08:27:55 frankrizzo kernel: amdgpu 0000:09:00.0: amdgpu: detected ip block number 0 <soc24_common>
Sep 23 08:27:55 frankrizzo kernel: amdgpu 0000:09:00.0: amdgpu: detected ip block number 1 <gmc_v12_0>
Sep 23 08:27:55 frankrizzo kernel: amdgpu 0000:09:00.0: amdgpu: detected ip block number 2 <ih_v7_0>
Sep 23 08:27:55 frankrizzo kernel: amdgpu 0000:09:00.0: amdgpu: detected ip block number 3 <psp>
Sep 23 08:27:55 frankrizzo kernel: amdgpu 0000:09:00.0: amdgpu: detected ip block number 4 <smu>
Sep 23 08:27:55 frankrizzo kernel: amdgpu 0000:09:00.0: amdgpu: detected ip block number 5 <dm>
Sep 23 08:27:55 frankrizzo kernel: amdgpu 0000:09:00.0: amdgpu: detected ip block number 6 <gfx_v12_0>
Sep 23 08:27:55 frankrizzo kernel: amdgpu 0000:09:00.0: amdgpu: detected ip block number 7 <sdma_v7_0>
Sep 23 08:27:55 frankrizzo kernel: amdgpu 0000:09:00.0: amdgpu: detected ip block number 8 <vcn_v5_0_0>
Sep 23 08:27:55 frankrizzo kernel: amdgpu 0000:09:00.0: amdgpu: detected ip block number 9 <jpeg_v5_0_0>
Sep 23 08:27:55 frankrizzo kernel: amdgpu 0000:09:00.0: amdgpu: detected ip block number 10 <mes_v12_0>
Sep 23 08:27:55 frankrizzo kernel: amdgpu 0000:09:00.0: No more image in the PCI ROM
Sep 23 08:27:55 frankrizzo kernel: amdgpu 0000:09:00.0: amdgpu: Fetched VBIOS from ROM BAR
Sep 23 08:27:55 frankrizzo kernel: amdgpu: ATOM BIOS: 113-APM7603TC-103
Sep 23 08:27:55 frankrizzo kernel: amdgpu 0000:09:00.0: vgaarb: deactivate vga console
Sep 23 08:27:55 frankrizzo kernel: amdgpu 0000:09:00.0: amdgpu: Trusted Memory Zone (TMZ) feature not supported
Sep 23 08:27:55 frankrizzo kernel: amdgpu 0000:09:00.0: amdgpu: MEM ECC is not presented.
Sep 23 08:27:55 frankrizzo kernel: amdgpu 0000:09:00.0: amdgpu: SRAM ECC is not presented.
Sep 23 08:27:55 frankrizzo kernel: [drm] vm size is 262144 GB, 4 levels, block size is 9-bit, fragment size is 9-bit
Sep 23 08:27:55 frankrizzo kernel: amdgpu 0000:09:00.0: amdgpu: VRAM: 16304M 0x0000008000000000 - 0x00000083FAFFFFFF (16304M used)
Sep 23 08:27:55 frankrizzo kernel: amdgpu 0000:09:00.0: amdgpu: GART: 512M 0x0000000000000000 - 0x000000001FFFFFFF
Sep 23 08:27:55 frankrizzo kernel: [drm] Detected VRAM RAM=16304M, BAR=256M
Sep 23 08:27:55 frankrizzo kernel: [drm] RAM width 256bits GDDR6
Sep 23 08:27:55 frankrizzo kernel: [drm] amdgpu: 16304M of VRAM memory ready
Sep 23 08:27:55 frankrizzo kernel: [drm] amdgpu: 64356M of GTT memory ready.
Sep 23 08:27:55 frankrizzo kernel: [drm] GART: num cpu pages 131072, num gpu pages 131072
Sep 23 08:27:55 frankrizzo kernel: amdgpu 0000:09:00.0: amdgpu: PCIE GART of 512M enabled (table at 0x0000008000000000).
Sep 23 08:27:55 frankrizzo kernel: amdgpu 0000:09:00.0: amdgpu: [drm] Loading DMUB firmware via PSP: version=0x0A000400
Sep 23 08:27:55 frankrizzo kernel: amdgpu 0000:09:00.0: amdgpu: Found VCN firmware Version ENC: 1.9 DEC: 9 VEP: 0 Revision: 38
Sep 23 08:27:55 frankrizzo kernel: usb 3-3.3: New USB device found, idVendor=08bb, idProduct=2704, bcdDevice= 1.00
Sep 23 08:27:55 frankrizzo kernel: usb 3-3.3: New USB device strings: Mfr=1, Product=2, SerialNumber=0
Sep 23 08:27:55 frankrizzo kernel: usb 3-3.3: Product: Audioengine 2+  
Sep 23 08:27:55 frankrizzo kernel: usb 3-3.3: Manufacturer: Audioengine                     
Sep 23 08:27:55 frankrizzo kernel: input: Audioengine                      Audioengine 2+   as /devices/pci0000:00/0000:00:08.1/0000:0b:00.3/usb3/3-3/3-3.3/3-3.3:1.2/0003:08BB:2704.0007/input/input11
Sep 23 08:27:55 frankrizzo kernel: hid-generic 0003:08BB:2704.0007: input,hidraw6: USB HID v1.00 Device [Audioengine                      Audioengine 2+  ] on usb-0000:0b:00.3-3.3/input2
Sep 23 08:27:55 frankrizzo kernel: usb 1-5: New USB device found, idVendor=8087, idProduct=0029, bcdDevice= 0.01
Sep 23 08:27:55 frankrizzo kernel: usb 1-5: New USB device strings: Mfr=0, Product=0, SerialNumber=0
Sep 23 08:27:55 frankrizzo kernel: amdgpu 0000:09:00.0: amdgpu: RAP: optional rap ta ucode is not available
Sep 23 08:27:55 frankrizzo kernel: amdgpu 0000:09:00.0: amdgpu: SECUREDISPLAY: optional securedisplay ta ucode is not available
Sep 23 08:27:55 frankrizzo kernel: amdgpu 0000:09:00.0: amdgpu: smu driver if version = 0x0000002e, smu fw if version = 0x00000032, smu fw program = 0, smu fw version = 0x00684a00 (104.74.0)
Sep 23 08:27:55 frankrizzo kernel: amdgpu 0000:09:00.0: amdgpu: SMU driver if version not matched
Sep 23 08:27:55 frankrizzo kernel: amdgpu 0000:09:00.0: amdgpu: SMU is initialized successfully!
Sep 23 08:27:55 frankrizzo kernel: amdgpu 0000:09:00.0: amdgpu: [drm] Display Core v3.2.334 initialized on DCN 4.0.1
Sep 23 08:27:55 frankrizzo kernel: amdgpu 0000:09:00.0: amdgpu: [drm] DP-HDMI FRL PCON supported
Sep 23 08:27:55 frankrizzo kernel: amdgpu 0000:09:00.0: amdgpu: [drm] DMUB hardware initialized: version=0x0A000400
Sep 23 08:27:55 frankrizzo kernel: usb 1-6: new full-speed USB device number 4 using xhci_hcd
Sep 23 08:27:55 frankrizzo kernel: amdgpu 0000:09:00.0: [drm] REG_WAIT timeout 1us * 150000 tries - optc401_disable_crtc line:230
Sep 23 08:27:55 frankrizzo kernel: amdgpu 0000:09:00.0: amdgpu: [drm] PSR support 0, DC PSR ver -1, sink PSR ver 0 DPCD caps 0x0 su_y_granularity 0
Sep 23 08:27:55 frankrizzo kernel: usb 1-6: config 1 has an invalid interface number: 2 but max is 1
Sep 23 08:27:55 frankrizzo kernel: usb 1-6: config 1 has no interface number 1
Sep 23 08:27:55 frankrizzo kernel: usb 1-6: New USB device found, idVendor=0b05, idProduct=1939, bcdDevice= 1.00
Sep 23 08:27:55 frankrizzo kernel: usb 1-6: New USB device strings: Mfr=1, Product=2, SerialNumber=3
Sep 23 08:27:55 frankrizzo kernel: usb 1-6: Product: AURA LED Controller
Sep 23 08:27:55 frankrizzo kernel: usb 1-6: Manufacturer: AsusTek Computer Inc.
Sep 23 08:27:55 frankrizzo kernel: usb 1-6: SerialNumber: 9876543210
Sep 23 08:27:55 frankrizzo kernel: hid-generic 0003:0B05:1939.0008: hiddev99,hidraw7: USB HID v1.11 Device [AsusTek Computer Inc. AURA LED Controller] on usb-0000:02:00.0-6/input2
Sep 23 08:27:55 frankrizzo kernel: amdgpu 0000:09:00.0: amdgpu: [drm] PSR support 0, DC PSR ver -1, sink PSR ver 0 DPCD caps 0x0 su_y_granularity 0
Sep 23 08:27:55 frankrizzo kernel: amdgpu 0000:09:00.0: amdgpu: [drm] PSR support 0, DC PSR ver -1, sink PSR ver 0 DPCD caps 0x0 su_y_granularity 0
Sep 23 08:27:55 frankrizzo kernel: amdgpu 0000:09:00.0: amdgpu: [drm] PSR support 0, DC PSR ver -1, sink PSR ver 0 DPCD caps 0x0 su_y_granularity 0
Sep 23 08:27:55 frankrizzo kernel: amdgpu 0000:09:00.0: amdgpu: program CP_MES_CNTL : 0x4000000
Sep 23 08:27:55 frankrizzo kernel: amdgpu 0000:09:00.0: amdgpu: program CP_MES_CNTL : 0xc000000
Sep 23 08:27:55 frankrizzo kernel: usb 1-7: new high-speed USB device number 5 using xhci_hcd
Sep 23 08:27:55 frankrizzo kernel: amdgpu: HMM registered 16304MB device memory
Sep 23 08:27:55 frankrizzo kernel: kfd kfd: amdgpu: Allocated 3969056 bytes on gart
Sep 23 08:27:55 frankrizzo kernel: kfd kfd: amdgpu: Total number of KFD nodes to be created: 1
Sep 23 08:27:55 frankrizzo kernel: amdgpu: Virtual CRAT table created for GPU
Sep 23 08:27:55 frankrizzo kernel: amdgpu: Topology: Add dGPU node [0x7550:0x1002]
Sep 23 08:27:55 frankrizzo kernel: kfd kfd: amdgpu: added device 1002:7550
Sep 23 08:27:55 frankrizzo kernel: amdgpu 0000:09:00.0: amdgpu: SE 4, SH per SE 2, CU per SH 8, active_cu_number 64
Sep 23 08:27:55 frankrizzo kernel: amdgpu 0000:09:00.0: amdgpu: ring gfx_0.0.0 uses VM inv eng 0 on hub 0
Sep 23 08:27:55 frankrizzo kernel: amdgpu 0000:09:00.0: amdgpu: ring comp_1.0.0 uses VM inv eng 1 on hub 0
Sep 23 08:27:55 frankrizzo kernel: amdgpu 0000:09:00.0: amdgpu: ring comp_1.1.0 uses VM inv eng 4 on hub 0
Sep 23 08:27:55 frankrizzo kernel: amdgpu 0000:09:00.0: amdgpu: ring comp_1.0.1 uses VM inv eng 6 on hub 0
Sep 23 08:27:55 frankrizzo kernel: amdgpu 0000:09:00.0: amdgpu: ring comp_1.1.1 uses VM inv eng 7 on hub 0
Sep 23 08:27:55 frankrizzo kernel: amdgpu 0000:09:00.0: amdgpu: ring sdma0 uses VM inv eng 8 on hub 0
Sep 23 08:27:55 frankrizzo kernel: amdgpu 0000:09:00.0: amdgpu: ring sdma1 uses VM inv eng 9 on hub 0
Sep 23 08:27:55 frankrizzo kernel: amdgpu 0000:09:00.0: amdgpu: ring vcn_unified_0 uses VM inv eng 0 on hub 8
Sep 23 08:27:55 frankrizzo kernel: amdgpu 0000:09:00.0: amdgpu: ring jpeg_dec uses VM inv eng 1 on hub 8
Sep 23 08:27:55 frankrizzo kernel: amdgpu 0000:09:00.0: amdgpu: Using BACO for runtime pm
Sep 23 08:27:55 frankrizzo kernel: amdgpu 0000:09:00.0: [drm] Registered 4 planes with drm panic
Sep 23 08:27:55 frankrizzo kernel: [drm] Initialized amdgpu 3.64.0 for 0000:09:00.0 on minor 1
Sep 23 08:27:55 frankrizzo kernel: fbcon: amdgpudrmfb (fb0) is primary device
Sep 23 08:27:55 frankrizzo kernel: fbcon: Deferring console take-over
Sep 23 08:27:55 frankrizzo kernel: amdgpu 0000:09:00.0: [drm] fb0: amdgpudrmfb frame buffer device
Sep 23 08:27:55 frankrizzo kernel: usb 1-7: New USB device found, idVendor=05e3, idProduct=0610, bcdDevice=60.60
Sep 23 08:27:55 frankrizzo kernel: usb 1-7: New USB device strings: Mfr=0, Product=1, SerialNumber=0
Sep 23 08:27:55 frankrizzo kernel: usb 1-7: Product: USB2.0 Hub
Sep 23 08:27:55 frankrizzo kernel: hub 1-7:1.0: USB hub found
Sep 23 08:27:55 frankrizzo kernel: hub 1-7:1.0: 4 ports detected
Sep 23 08:27:55 frankrizzo kernel: [drm] pre_validate_dsc:1628 MST_DSC dsc precompute is not needed
Sep 23 08:27:55 frankrizzo kernel: usb 1-7.1: new high-speed USB device number 6 using xhci_hcd
Sep 23 08:27:55 frankrizzo kernel: usb 1-7.1: New USB device found, idVendor=1b1c, idProduct=0c39, bcdDevice= 2.00
Sep 23 08:27:55 frankrizzo kernel: usb 1-7.1: New USB device strings: Mfr=1, Product=2, SerialNumber=3
Sep 23 08:27:55 frankrizzo kernel: usb 1-7.1: Product: LCD Cap for Elite Capellix coolers
Sep 23 08:27:55 frankrizzo kernel: usb 1-7.1: Manufacturer: Corsair
Sep 23 08:27:55 frankrizzo kernel: usb 1-7.1: SerialNumber: 0393230980006
Sep 23 08:27:55 frankrizzo kernel: input: Corsair LCD Cap for Elite Capellix coolers as /devices/pci0000:00/0000:00:01.2/0000:02:00.0/usb1/1-7/1-7.1/1-7.1:1.0/0003:1B1C:0C39.0009/input/input12
Sep 23 08:27:55 frankrizzo kernel: hid-generic 0003:1B1C:0C39.0009: input,hidraw8: USB HID v1.10 Device [Corsair LCD Cap for Elite Capellix coolers] on usb-0000:02:00.0-7.1/input0
Sep 23 08:27:55 frankrizzo kernel: amdgpu 0000:09:00.0: [drm] REG_WAIT timeout 1us * 150000 tries - optc401_disable_crtc line:230
Sep 23 08:27:55 frankrizzo kernel: usb 1-7.2: new full-speed USB device number 7 using xhci_hcd
Sep 23 08:27:55 frankrizzo kernel: usb 1-7.2: config 1 has an invalid descriptor of length 0, skipping remainder of the config
Sep 23 08:27:55 frankrizzo kernel: BTRFS: device fsid ed2f21c4-56e6-4c68-97f1-277e3a90ddb5 devid 1 transid 107975 /dev/nvme0n1p2 (259:2) scanned by mount (540)
Sep 23 08:27:55 frankrizzo kernel: BTRFS info (device nvme0n1p2): first mount of filesystem ed2f21c4-56e6-4c68-97f1-277e3a90ddb5
Sep 23 08:27:55 frankrizzo kernel: BTRFS info (device nvme0n1p2): using crc32c (crc32c-x86) checksum algorithm
Sep 23 08:27:55 frankrizzo kernel: usb 1-7.2: New USB device found, idVendor=1b1c, idProduct=0c32, bcdDevice= 1.00
Sep 23 08:27:55 frankrizzo kernel: usb 1-7.2: New USB device strings: Mfr=1, Product=2, SerialNumber=3
Sep 23 08:27:55 frankrizzo kernel: usb 1-7.2: Product: CORSAIR iCUE COMMANDER Core
Sep 23 08:27:55 frankrizzo kernel: usb 1-7.2: Manufacturer: Corsair
Sep 23 08:27:55 frankrizzo kernel: usb 1-7.2: SerialNumber: 207D37A34242
Sep 23 08:27:55 frankrizzo kernel: BTRFS info (device nvme0n1p2): enabling ssd optimizations
Sep 23 08:27:55 frankrizzo kernel: BTRFS info (device nvme0n1p2): turning on async discard
Sep 23 08:27:55 frankrizzo kernel: BTRFS info (device nvme0n1p2): enabling free space tree
Sep 23 08:27:55 frankrizzo kernel: hid-generic 0003:1B1C:0C32.000A: hiddev100,hidraw9: USB HID v1.00 Device [Corsair CORSAIR iCUE COMMANDER Core] on usb-0000:02:00.0-7.2/input0
Sep 23 08:27:55 frankrizzo kernel: hid-generic 0003:1B1C:0C32.000B: hiddev101,hidraw10: USB HID v1.00 Device [Corsair CORSAIR iCUE COMMANDER Core] on usb-0000:02:00.0-7.2/input1
Sep 23 08:27:55 frankrizzo systemd[1]: systemd 258-3-arch running in system mode (+PAM +AUDIT -SELINUX +APPARMOR -IMA +IPE +SMACK +SECCOMP +GCRYPT +GNUTLS +OPENSSL +ACL +BLKID +CURL +ELFUTILS +FIDO2 +IDN2 -IDN +IPTC +KMOD +LIBCRYPTSETUP +LIBCRYPTSETUP_PLUGINS +LIBFDISK +PCRE2 +PWQUALITY +P11KIT +QRENCODE +TPM2 +BZIP2 +LZ4 +XZ +ZLIB +ZSTD +BPF_FRAMEWORK +BTF +XKBCOMMON +UTMP -SYSVINIT +LIBARCHIVE)
Sep 23 08:27:55 frankrizzo systemd[1]: Detected architecture x86-64.
Sep 23 08:27:55 frankrizzo systemd[1]: Hostname set to <frankrizzo>.
Sep 23 08:27:55 frankrizzo systemd[1]: bpf-restrict-fs: LSM BPF program attached
Sep 23 08:27:55 frankrizzo systemd[1]: /etc/systemd/system/omarchy-seamless-login.service:13: Unknown key 'StartLimitIntervalSec' in section [Service], ignoring.
Sep 23 08:27:55 frankrizzo systemd[1]: Queued start job for default target Graphical Interface.
Sep 23 08:27:55 frankrizzo systemd[1]: Created slice CUPS Slice.
Sep 23 08:27:55 frankrizzo systemd[1]: Created slice Slice /system/dirmngr.
Sep 23 08:27:55 frankrizzo systemd[1]: Created slice Slice /system/gpg-agent.
Sep 23 08:27:55 frankrizzo systemd[1]: Created slice Slice /system/gpg-agent-browser.
Sep 23 08:27:55 frankrizzo systemd[1]: Created slice Slice /system/gpg-agent-extra.
Sep 23 08:27:55 frankrizzo systemd[1]: Created slice Slice /system/gpg-agent-ssh.
Sep 23 08:27:55 frankrizzo systemd[1]: Created slice Slice /system/keyboxd.
Sep 23 08:27:55 frankrizzo systemd[1]: Created slice Slice /system/modprobe.
Sep 23 08:27:55 frankrizzo systemd[1]: Created slice User and Session Slice.
Sep 23 08:27:55 frankrizzo systemd[1]: Started Forward Password Requests to Wall Directory Watch.
Sep 23 08:27:55 frankrizzo systemd[1]: Set up automount Arbitrary Executable File Formats File System Automount Point.
Sep 23 08:27:55 frankrizzo systemd[1]: Expecting device /dev/disk/by-uuid/D58A-1FDE...
Sep 23 08:27:55 frankrizzo systemd[1]: Expecting device /dev/disk/by-uuid/ed2f21c4-56e6-4c68-97f1-277e3a90ddb5...
Sep 23 08:27:55 frankrizzo systemd[1]: Reached target Login Prompts.
Sep 23 08:27:55 frankrizzo systemd[1]: Reached target Image Downloads.
Sep 23 08:27:55 frankrizzo systemd[1]: Reached target Local Integrity Protected Volumes.
Sep 23 08:27:55 frankrizzo systemd[1]: Reached target Remote File Systems.
Sep 23 08:27:55 frankrizzo systemd[1]: Reached target Slice Units.
Sep 23 08:27:55 frankrizzo systemd[1]: Reached target Swaps.
Sep 23 08:27:55 frankrizzo systemd[1]: Reached target Local Verity Protected Volumes.
Sep 23 08:27:55 frankrizzo systemd[1]: Listening on Device-mapper event daemon FIFOs.
Sep 23 08:27:55 frankrizzo systemd[1]: Listening on Query the User Interactively for a Password.
Sep 23 08:27:55 frankrizzo systemd[1]: Listening on Process Core Dump Socket.
Sep 23 08:27:55 frankrizzo systemd[1]: Listening on Credential Encryption/Decryption.
Sep 23 08:27:55 frankrizzo systemd[1]: Listening on Factory Reset Management.
Sep 23 08:27:55 frankrizzo systemd[1]: Listening on Journal Socket (/dev/log).
Sep 23 08:27:55 frankrizzo systemd[1]: Listening on Journal Sockets.
Sep 23 08:27:55 frankrizzo systemd[1]: Listening on Network Service Varlink Socket.
Sep 23 08:27:55 frankrizzo systemd[1]: Listening on Network Service Netlink Socket.
Sep 23 08:27:55 frankrizzo systemd[1]: TPM PCR Measurements was skipped because of an unmet condition check (ConditionSecurity=measured-uki).
Sep 23 08:27:55 frankrizzo systemd[1]: Make TPM PCR Policy was skipped because of an unmet condition check (ConditionSecurity=measured-uki).
Sep 23 08:27:55 frankrizzo systemd[1]: Listening on Resolve Monitor Varlink Socket.
Sep 23 08:27:55 frankrizzo systemd[1]: Listening on Resolve Service Varlink Socket.
Sep 23 08:27:55 frankrizzo systemd[1]: Listening on udev Control Socket.
Sep 23 08:27:55 frankrizzo systemd[1]: Listening on udev Kernel Socket.
Sep 23 08:27:55 frankrizzo systemd[1]: Listening on udev Varlink Socket.
Sep 23 08:27:55 frankrizzo systemd[1]: Listening on User Database Manager Socket.
Sep 23 08:27:55 frankrizzo systemd[1]: Mounting Huge Pages File System...
Sep 23 08:27:55 frankrizzo systemd[1]: Mounting POSIX Message Queue File System...
Sep 23 08:27:55 frankrizzo systemd[1]: Mounting Kernel Debug File System...
Sep 23 08:27:55 frankrizzo systemd[1]: Mounting Kernel Trace File System...
Sep 23 08:27:55 frankrizzo systemd[1]: Mounting Temporary Directory /tmp...
